Using Game Path Config: D:\Bannerlord_Mods\Tools\game_path_config_HNEVVCRDT48389G.txt
Targeting Game Modules at: C:\Users\RHoskins.evvcr\.gemini\antigravity\scratch\Steam\steamapps\common\Mount & Blade II Bannerlord\Modules
Action: BUILD & DEPLOY
Processing: Ascension

Building Ascension...
[Ascension] Build FAILED. See last_build.log
 > D:\Bannerlord_Mods\Modules\Ascension\AscensionSubModule.cs(13,18): error CS0234: The type or namespace name 'ModuleManager' does not exist in the namespace 'TaleWorlds' (are you missing an assembly reference?) [D:\Bannerlord_Mods\Modules\Ascension\Ascension.csproj]
 > D:\Bannerlord_Mods\Modules\Ascension\AscensionSubModule.cs(13,18): error CS0234: The type or namespace name 'ModuleManager' does not exist in the namespace 'TaleWorlds' (are you missing an assembly reference?) [D:\Bannerlord_Mods\Modules\Ascension\Ascension.csproj]
 > 0 Warning(s)
 > 1 Error(s)
-------------------------------

XXX SUMMARY XXX
FAILED: Ascension (Build)
