[00:30:22 INF] CoastalLife SubModule Loaded. Log Path: d:\Bannerlord_Mods\logs\CoastalLife.log
[00:30:22 INF] CoastalLife Harmony patches applied.
[00:44:07 INF] CoastalLife OnGameStart: Validating dependencies...
[00:44:07 INF] CoastalLife behaviors added.
[00:44:21 INF] Located NavalDLC Assembly: NavalDLC, Version=1.0.0.0, Culture=neutral, PublicKeyToken=null
[00:44:21 INF] ShipDumperBehavior: Reflection Complete.
[00:49:26 INF] Attempting to spawn patrol for Chaikand using template patrol_party_khuzait_template_coastal
[00:49:26 INF] Creating MobileParty: coastal_patrol_town_K5_784
[00:49:26 INF] MobileParty created: Coast Guard of Chaikand
[00:49:26 INF] Spawn Position: (CampaignVec2) X: 843.7406 Y: 458.4564 IsOnLand: True. Initializing Template: patrol_party_khuzait_template_coastal
[00:49:26 INF] Initialized at position.
[00:49:26 INF] SetMovePatrolAroundSettlement successful.
[00:49:26 INF] Spawned Coastal Patrol Coast Guard of Chaikand for Chaikand
[00:49:26 INF] Attempting to spawn patrol for Galend using template patrol_party_vlandia_template_coastal
[00:49:26 INF] Creating MobileParty: coastal_patrol_town_V5_3007
[00:49:26 INF] MobileParty created: Coast Guard of Galend
[00:49:26 INF] Spawn Position: (CampaignVec2) X: 202.7871 Y: 450.4803 IsOnLand: True. Initializing Template: patrol_party_vlandia_template_coastal
[00:49:26 INF] Initialized at position.
[00:49:26 INF] SetMovePatrolAroundSettlement successful.
[00:49:26 INF] Spawned Coastal Patrol Coast Guard of Galend for Galend
[00:49:27 INF] Attempting to spawn patrol for Sanala using template patrol_party_aserai_template_coastal
[00:49:27 INF] Creating MobileParty: coastal_patrol_town_A6_8153
[00:49:27 INF] MobileParty created: Coast Guard of Sanala
[00:49:27 INF] Spawn Position: (CampaignVec2) X: 481.2044 Y: 201.2855 IsOnLand: True. Initializing Template: patrol_party_aserai_template_coastal
[00:49:27 INF] Initialized at position.
[00:49:27 INF] SetMovePatrolAroundSettlement successful.
[00:49:27 INF] Spawned Coastal Patrol Coast Guard of Sanala for Sanala
[00:49:27 INF] Attempting to spawn patrol for Balgard using template patrol_party_sturgia_template_coastal
[00:49:27 INF] Creating MobileParty: coastal_patrol_town_S2_7863
[00:49:27 INF] MobileParty created: Coast Guard of Balgard
[00:49:27 INF] Spawn Position: (CampaignVec2) X: 725.4158 Y: 709.6862 IsOnLand: True. Initializing Template: patrol_party_sturgia_template_coastal
[00:49:27 INF] Initialized at position.
[00:49:27 INF] SetMovePatrolAroundSettlement successful.
[00:49:27 INF] Spawned Coastal Patrol Coast Guard of Balgard for Balgard
[00:49:28 INF] Attempting to spawn patrol for Argoron using template patrol_party_empire_template_coastal
[00:49:28 INF] Creating MobileParty: coastal_patrol_town_EN4_6230
[00:49:28 INF] MobileParty created: Coast Guard of Argoron
[00:49:28 INF] Spawn Position: (CampaignVec2) X: 655.1505 Y: 539.5372 IsOnLand: True. Initializing Template: patrol_party_empire_template_coastal
[00:49:28 INF] Initialized at position.
[00:49:28 INF] SetMovePatrolAroundSettlement successful.
[00:49:28 INF] Spawned Coastal Patrol Coast Guard of Argoron for Argoron
[00:49:29 INF] Attempting to spawn patrol for Thronderlag using template patrol_party_nord_template_coastal
[00:49:29 INF] Creating MobileParty: coastal_patrol_town_N3_1305
[00:49:29 INF] MobileParty created: Coast Guard of Thronderlag
[00:49:29 INF] Spawn Position: (CampaignVec2) X: 726.8854 Y: 804.4406 IsOnLand: True. Initializing Template: patrol_party_nord_template_coastal
[00:49:29 INF] Initialized at position.
[00:49:29 INF] SetMovePatrolAroundSettlement successful.
[00:49:29 INF] Spawned Coastal Patrol Coast Guard of Thronderlag for Thronderlag
[00:49:29 INF] Attempting to spawn patrol for Gretysfjord using template patrol_party_nord_template_coastal
[00:49:29 INF] Creating MobileParty: coastal_patrol_town_N2_407
[00:49:29 INF] MobileParty created: Coast Guard of Gretysfjord
[00:49:29 INF] Spawn Position: (CampaignVec2) X: 525.6013 Y: 771.1588 IsOnLand: True. Initializing Template: patrol_party_nord_template_coastal
[00:49:29 INF] Initialized at position.
[00:49:29 INF] SetMovePatrolAroundSettlement successful.
[00:49:29 INF] Spawned Coastal Patrol Coast Guard of Gretysfjord for Gretysfjord
[00:49:29 INF] Attempting to spawn patrol for Hvalvik using template patrol_party_nord_template_coastal
[00:49:29 INF] Creating MobileParty: coastal_patrol_town_N1_7756
[00:49:29 INF] MobileParty created: Coast Guard of Hvalvik
[00:49:29 INF] Spawn Position: (CampaignVec2) X: 203.1058 Y: 730.0254 IsOnLand: True. Initializing Template: patrol_party_nord_template_coastal
[00:49:29 INF] Initialized at position.
[00:49:29 INF] SetMovePatrolAroundSettlement successful.
[00:49:29 INF] Spawned Coastal Patrol Coast Guard of Hvalvik for Hvalvik
[00:49:31 INF] Attempting to spawn patrol for Omor using template patrol_party_sturgia_template_coastal
[00:49:31 INF] Creating MobileParty: coastal_patrol_town_S3_1836
[00:49:31 INF] MobileParty created: Coast Guard of Omor
[00:49:31 INF] Spawn Position: (CampaignVec2) X: 557.2634 Y: 577.519 IsOnLand: True. Initializing Template: patrol_party_sturgia_template_coastal
[00:49:31 INF] Initialized at position.
[00:49:31 INF] SetMovePatrolAroundSettlement successful.
[00:49:31 INF] Spawned Coastal Patrol Coast Guard of Omor for Omor
[00:49:34 INF] Attempting to spawn patrol for Ostican using template patrol_party_vlandia_template_coastal
[00:49:34 INF] Creating MobileParty: coastal_patrol_town_V8_243
[00:49:34 INF] MobileParty created: Coast Guard of Ostican
[00:49:34 INF] Spawn Position: (CampaignVec2) X: 247.4046 Y: 589.4118 IsOnLand: True. Initializing Template: patrol_party_vlandia_template_coastal
[00:49:34 INF] Initialized at position.
[00:49:34 INF] SetMovePatrolAroundSettlement successful.
[00:49:34 INF] Spawned Coastal Patrol Coast Guard of Ostican for Ostican
[00:49:50 INF] Attempting to spawn patrol for Pravend using template patrol_party_vlandia_template_coastal
[00:49:50 INF] Creating MobileParty: coastal_patrol_town_V3_835
[00:49:50 INF] MobileParty created: Coast Guard of Pravend
[00:49:50 INF] Spawn Position: (CampaignVec2) X: 239.7295 Y: 516.6317 IsOnLand: True. Initializing Template: patrol_party_vlandia_template_coastal
[00:49:50 INF] Initialized at position.
[00:49:50 INF] SetMovePatrolAroundSettlement successful.
[00:49:50 INF] Spawned Coastal Patrol Coast Guard of Pravend for Pravend
[00:49:50 INF] Attempting to spawn patrol for Qasira using template patrol_party_aserai_template_coastal
[00:49:50 INF] Creating MobileParty: coastal_patrol_town_A8_5152
[00:49:50 INF] MobileParty created: Coast Guard of Qasira
[00:49:50 INF] Spawn Position: (CampaignVec2) X: 617.0765 Y: 152.3234 IsOnLand: True. Initializing Template: patrol_party_aserai_template_coastal
[00:49:50 INF] Initialized at position.
[00:49:50 INF] SetMovePatrolAroundSettlement successful.
[00:49:50 INF] Spawned Coastal Patrol Coast Guard of Qasira for Qasira
[00:49:54 INF] Attempting to spawn patrol for Lageta using template patrol_party_empire_template_coastal
[00:49:54 INF] Creating MobileParty: coastal_patrol_town_EW1_9390
[00:49:54 INF] MobileParty created: Coast Guard of Lageta
[00:49:54 INF] Spawn Position: (CampaignVec2) X: 386.5522 Y: 405.6549 IsOnLand: True. Initializing Template: patrol_party_empire_template_coastal
[00:49:54 INF] Initialized at position.
[00:49:54 INF] SetMovePatrolAroundSettlement successful.
[00:49:54 INF] Spawned Coastal Patrol Coast Guard of Lageta for Lageta
[00:49:54 INF] Attempting to spawn patrol for Ortysia using template patrol_party_empire_template_coastal
[00:49:54 INF] Creating MobileParty: coastal_patrol_town_EW4_3653
[00:49:54 INF] MobileParty created: Coast Guard of Ortysia
[00:49:54 INF] Spawn Position: (CampaignVec2) X: 397.0938 Y: 345.85 IsOnLand: True. Initializing Template: patrol_party_empire_template_coastal
[00:49:54 INF] Initialized at position.
[00:49:54 INF] SetMovePatrolAroundSettlement successful.
[00:49:54 INF] Spawned Coastal Patrol Coast Guard of Ortysia for Ortysia
[00:49:57 INF] Attempting to spawn patrol for Makeb using template patrol_party_khuzait_template_coastal
[00:49:57 INF] Creating MobileParty: coastal_patrol_town_K3_73
[00:49:57 INF] MobileParty created: Coast Guard of Makeb
[00:49:57 INF] Spawn Position: (CampaignVec2) X: 837.6634 Y: 539.4299 IsOnLand: True. Initializing Template: patrol_party_khuzait_template_coastal
[00:49:57 INF] Initialized at position.
[00:49:57 INF] SetMovePatrolAroundSettlement successful.
[00:49:57 INF] Spawned Coastal Patrol Coast Guard of Makeb for Makeb
[00:50:02 INF] Attempting to spawn patrol for Hargard using template patrol_party_nord_template_coastal
[00:50:02 INF] Creating MobileParty: coastal_patrol_town_N4_5535
[00:50:02 INF] MobileParty created: Coast Guard of Hargard
[00:50:02 INF] Spawn Position: (CampaignVec2) X: 885.4429 Y: 748.7587 IsOnLand: True. Initializing Template: patrol_party_nord_template_coastal
[00:50:02 INF] Initialized at position.
[00:50:02 INF] SetMovePatrolAroundSettlement successful.
[00:50:02 INF] Spawned Coastal Patrol Coast Guard of Hargard for Hargard
[00:50:04 INF] Attempting to spawn patrol for Varnovapol using template patrol_party_sturgia_template_coastal
[00:50:04 INF] Creating MobileParty: coastal_patrol_town_S4_2590
[00:50:04 INF] MobileParty created: Coast Guard of Varnovapol
[00:50:04 INF] Spawn Position: (CampaignVec2) X: 649.0852 Y: 618.29 IsOnLand: True. Initializing Template: patrol_party_sturgia_template_coastal
[00:50:04 INF] Initialized at position.
[00:50:04 INF] SetMovePatrolAroundSettlement successful.
[00:50:04 INF] Spawned Coastal Patrol Coast Guard of Varnovapol for Varnovapol
[00:50:19 INF] Attempting to spawn patrol for Car Banseth using template patrol_party_battania_template_coastal
[00:50:19 INF] Creating MobileParty: coastal_patrol_town_B3_3859
[00:50:19 INF] MobileParty created: Coast Guard of Car Banseth
[00:50:19 INF] Spawn Position: (CampaignVec2) X: 406.5912 Y: 574.0927 IsOnLand: True. Initializing Template: patrol_party_battania_template_coastal
[00:50:19 INF] Initialized at position.
[00:50:19 INF] SetMovePatrolAroundSettlement successful.
[00:50:19 INF] Spawned Coastal Patrol Coast Guard of Car Banseth for Car Banseth
[00:50:20 INF] Attempting to spawn patrol for Charas using template patrol_party_vlandia_template_coastal
[00:50:20 INF] Creating MobileParty: coastal_patrol_town_V7_5811
[00:50:20 INF] MobileParty created: Coast Guard of Charas
[00:50:20 INF] Spawn Position: (CampaignVec2) X: 312.709 Y: 375.2491 IsOnLand: True. Initializing Template: patrol_party_vlandia_template_coastal
[00:50:20 INF] Initialized at position.
[00:50:20 INF] SetMovePatrolAroundSettlement successful.
[00:50:20 INF] Spawned Coastal Patrol Coast Guard of Charas for Charas
[00:50:22 INF] Attempting to spawn patrol for Askar using template patrol_party_aserai_template_coastal
[00:50:22 INF] Creating MobileParty: coastal_patrol_town_A7_4162
[00:50:22 INF] MobileParty created: Coast Guard of Askar
[00:50:22 INF] Spawn Position: (CampaignVec2) X: 462.33 Y: 118.0301 IsOnLand: True. Initializing Template: patrol_party_aserai_template_coastal
[00:50:22 INF] Initialized at position.
[00:50:22 INF] SetMovePatrolAroundSettlement successful.
[00:50:22 INF] Spawned Coastal Patrol Coast Guard of Askar for Askar
[00:50:23 INF] Attempting to spawn patrol for Razih using template patrol_party_aserai_template_coastal
[00:50:23 INF] Creating MobileParty: coastal_patrol_town_A4_6437
[00:50:23 INF] MobileParty created: Coast Guard of Razih
[00:50:23 INF] Spawn Position: (CampaignVec2) X: 742.1818 Y: 170.3419 IsOnLand: True. Initializing Template: patrol_party_aserai_template_coastal
[00:50:23 INF] Initialized at position.
[00:50:23 INF] SetMovePatrolAroundSettlement successful.
[00:50:23 INF] Spawned Coastal Patrol Coast Guard of Razih for Razih
[00:50:23 INF] Attempting to spawn patrol for Syronea using template patrol_party_empire_template_coastal
[00:50:23 INF] Creating MobileParty: coastal_patrol_town_ES7_9001
[00:50:23 INF] MobileParty created: Coast Guard of Syronea
[00:50:23 INF] Spawn Position: (CampaignVec2) X: 792.4435 Y: 446.1407 IsOnLand: True. Initializing Template: patrol_party_empire_template_coastal
[00:50:23 INF] Initialized at position.
[00:50:23 INF] SetMovePatrolAroundSettlement successful.
[00:50:23 INF] Spawned Coastal Patrol Coast Guard of Syronea for Syronea
[00:50:24 INF] Attempting to spawn patrol for Vostrum using template patrol_party_empire_template_coastal
[00:50:24 INF] Creating MobileParty: coastal_patrol_town_ES2_7044
[00:50:24 INF] MobileParty created: Coast Guard of Vostrum
[00:50:24 INF] Spawn Position: (CampaignVec2) X: 686.3214 Y: 292.3106 IsOnLand: True. Initializing Template: patrol_party_empire_template_coastal
[00:50:24 INF] Initialized at position.
[00:50:24 INF] SetMovePatrolAroundSettlement successful.
[00:50:24 INF] Spawned Coastal Patrol Coast Guard of Vostrum for Vostrum
[00:50:24 INF] Attempting to spawn patrol for Danustica using template patrol_party_empire_template_coastal
[00:50:24 INF] Creating MobileParty: coastal_patrol_town_ES1_2144
[00:50:24 INF] MobileParty created: Coast Guard of Danustica
[00:50:24 INF] Spawn Position: (CampaignVec2) X: 774.6617 Y: 275.3807 IsOnLand: True. Initializing Template: patrol_party_empire_template_coastal
[00:50:24 INF] Initialized at position.
[00:50:24 INF] SetMovePatrolAroundSettlement successful.
[00:50:24 INF] Spawned Coastal Patrol Coast Guard of Danustica for Danustica
[00:50:25 INF] Attempting to spawn patrol for Poros using template patrol_party_empire_template_coastal
[00:50:25 INF] Creating MobileParty: coastal_patrol_town_ES3_1223
[00:50:25 INF] MobileParty created: Coast Guard of Poros
[00:50:25 INF] Spawn Position: (CampaignVec2) X: 606.8111 Y: 300.1599 IsOnLand: True. Initializing Template: patrol_party_empire_template_coastal
[00:50:25 INF] Initialized at position.
[00:50:25 INF] SetMovePatrolAroundSettlement successful.
[00:50:25 INF] Spawned Coastal Patrol Coast Guard of Poros for Poros
[00:50:25 INF] Attempting to spawn patrol for Rhotae using template patrol_party_empire_template_coastal
[00:50:25 INF] Creating MobileParty: coastal_patrol_town_EW6_1446
[00:50:25 INF] MobileParty created: Coast Guard of Rhotae
[00:50:25 INF] Spawn Position: (CampaignVec2) X: 482.4727 Y: 400.6099 IsOnLand: True. Initializing Template: patrol_party_empire_template_coastal
[00:50:25 INF] Initialized at position.
[00:50:25 INF] SetMovePatrolAroundSettlement successful.
[00:50:25 INF] Spawned Coastal Patrol Coast Guard of Rhotae for Rhotae
[00:50:29 INF] Attempting to spawn patrol for Quyaz using template patrol_party_aserai_template_coastal
[00:50:29 INF] Creating MobileParty: coastal_patrol_town_A1_6991
[00:50:29 INF] MobileParty created: Coast Guard of Quyaz
[00:50:29 INF] Spawn Position: (CampaignVec2) X: 371.2723 Y: 257.0382 IsOnLand: True. Initializing Template: patrol_party_aserai_template_coastal
[00:50:29 INF] Initialized at position.
[00:50:29 INF] SetMovePatrolAroundSettlement successful.
[00:50:29 INF] Spawned Coastal Patrol Coast Guard of Quyaz for Quyaz
[00:50:30 INF] Attempting to spawn patrol for Zeonica using template patrol_party_empire_template_coastal
[00:50:30 INF] Creating MobileParty: coastal_patrol_town_EW2_1084
[00:50:30 INF] MobileParty created: Coast Guard of Zeonica
[00:50:30 INF] Spawn Position: (CampaignVec2) X: 513.6017 Y: 323.8249 IsOnLand: True. Initializing Template: patrol_party_empire_template_coastal
[00:50:30 INF] Initialized at position.
[00:50:30 INF] SetMovePatrolAroundSettlement successful.
[00:50:30 INF] Spawned Coastal Patrol Coast Guard of Zeonica for Zeonica
[00:50:31 INF] Attempting to spawn patrol for Diathma using template patrol_party_empire_template_coastal
[00:50:31 INF] Creating MobileParty: coastal_patrol_town_EN2_9668
[00:50:31 INF] MobileParty created: Coast Guard of Diathma
[00:50:31 INF] Spawn Position: (CampaignVec2) X: 572.9152 Y: 505.5981 IsOnLand: True. Initializing Template: patrol_party_empire_template_coastal
[00:50:31 INF] Initialized at position.
[00:50:31 INF] SetMovePatrolAroundSettlement successful.
[00:50:31 INF] Spawned Coastal Patrol Coast Guard of Diathma for Diathma
[00:52:48 INF] Attempting to spawn patrol for Varnovapol using template patrol_party_sturgia_template_coastal
[00:52:48 INF] Creating MobileParty: coastal_patrol_town_S4_1894
[00:52:48 INF] MobileParty created: Coast Guard of Varnovapol
[00:52:48 INF] Spawn Position: (CampaignVec2) X: 649.0852 Y: 618.29 IsOnLand: True. Initializing Template: patrol_party_sturgia_template_coastal
[00:52:48 INF] Initialized at position.
[00:52:48 INF] SetMovePatrolAroundSettlement successful.
[00:52:48 INF] Spawned Coastal Patrol Coast Guard of Varnovapol for Varnovapol
[00:53:01 INF] Attempting to spawn patrol for Makeb using template patrol_party_khuzait_template_coastal
[00:53:01 INF] Creating MobileParty: coastal_patrol_town_K3_7049
[00:53:01 INF] MobileParty created: Coast Guard of Makeb
[00:53:01 INF] Spawn Position: (CampaignVec2) X: 837.6634 Y: 539.4299 IsOnLand: True. Initializing Template: patrol_party_khuzait_template_coastal
[00:53:01 INF] Initialized at position.
[00:53:01 INF] SetMovePatrolAroundSettlement successful.
[00:53:01 INF] Spawned Coastal Patrol Coast Guard of Makeb for Makeb
[00:53:28 INF] Attempting to spawn patrol for Varnovapol using template patrol_party_sturgia_template_coastal
[00:53:28 INF] Creating MobileParty: coastal_patrol_town_S4_7273
[00:53:28 INF] MobileParty created: Coast Guard of Varnovapol
[00:53:28 INF] Spawn Position: (CampaignVec2) X: 649.0852 Y: 618.29 IsOnLand: True. Initializing Template: patrol_party_sturgia_template_coastal
[00:53:28 INF] Initialized at position.
[00:53:28 INF] SetMovePatrolAroundSettlement successful.
[00:53:28 INF] Spawned Coastal Patrol Coast Guard of Varnovapol for Varnovapol
[00:55:32 INF] Attempting to spawn patrol for Varnovapol using template patrol_party_sturgia_template_coastal
[00:55:32 INF] Creating MobileParty: coastal_patrol_town_S4_5463
[00:55:32 INF] MobileParty created: Coast Guard of Varnovapol
[00:55:32 INF] Spawn Position: (CampaignVec2) X: 649.0852 Y: 618.29 IsOnLand: True. Initializing Template: patrol_party_sturgia_template_coastal
[00:55:32 INF] Initialized at position.
[00:55:32 INF] SetMovePatrolAroundSettlement successful.
[00:55:32 INF] Spawned Coastal Patrol Coast Guard of Varnovapol for Varnovapol
[00:56:42 INF] Attempting to spawn patrol for Hargard using template patrol_party_nord_template_coastal
[00:56:42 INF] Creating MobileParty: coastal_patrol_town_N4_3549
[00:56:42 INF] MobileParty created: Coast Guard of Hargard
[00:56:42 INF] Spawn Position: (CampaignVec2) X: 885.4429 Y: 748.7587 IsOnLand: True. Initializing Template: patrol_party_nord_template_coastal
[00:56:42 INF] Initialized at position.
[00:56:42 INF] SetMovePatrolAroundSettlement successful.
[00:56:42 INF] Spawned Coastal Patrol Coast Guard of Hargard for Hargard
[00:56:45 INF] Attempting to spawn patrol for Varnovapol using template patrol_party_sturgia_template_coastal
[00:56:45 INF] Creating MobileParty: coastal_patrol_town_S4_3863
[00:56:45 INF] MobileParty created: Coast Guard of Varnovapol
[00:56:45 INF] Spawn Position: (CampaignVec2) X: 649.0852 Y: 618.29 IsOnLand: True. Initializing Template: patrol_party_sturgia_template_coastal
[00:56:45 INF] Initialized at position.
[00:56:45 INF] SetMovePatrolAroundSettlement successful.
[00:56:45 INF] Spawned Coastal Patrol Coast Guard of Varnovapol for Varnovapol
[01:02:21 INF] Attempting to spawn patrol for Lageta using template patrol_party_empire_template_coastal
[01:02:21 INF] Creating MobileParty: coastal_patrol_town_EW1_3745
[01:02:21 INF] MobileParty created: Coast Guard of Lageta
[01:02:21 INF] Spawn Position: (CampaignVec2) X: 386.5522 Y: 405.6549 IsOnLand: True. Initializing Template: patrol_party_empire_template_coastal
[01:02:21 INF] Initialized at position.
[01:02:21 INF] SetMovePatrolAroundSettlement successful.
[01:02:21 INF] Spawned Coastal Patrol Coast Guard of Lageta for Lageta
[01:16:18 INF] Attempting to spawn patrol for Danustica using template patrol_party_empire_template_coastal
[01:16:18 INF] Creating MobileParty: coastal_patrol_town_ES1_9003
[01:16:18 INF] MobileParty created: Coast Guard of Danustica
[01:16:18 INF] Spawn Position: (CampaignVec2) X: 774.6617 Y: 275.3807 IsOnLand: True. Initializing Template: patrol_party_empire_template_coastal
[01:16:18 INF] Initialized at position.
[01:16:18 INF] SetMovePatrolAroundSettlement successful.
[01:16:18 INF] Spawned Coastal Patrol Coast Guard of Danustica for Danustica
[01:20:33 INF] Attempting to spawn patrol for Thronderlag using template patrol_party_nord_template_coastal
[01:20:33 INF] Creating MobileParty: coastal_patrol_town_N3_116
[01:20:33 INF] MobileParty created: Coast Guard of Thronderlag
[01:20:33 INF] Spawn Position: (CampaignVec2) X: 726.8854 Y: 804.4406 IsOnLand: True. Initializing Template: patrol_party_nord_template_coastal
[01:20:33 INF] Initialized at position.
[01:20:33 INF] SetMovePatrolAroundSettlement successful.
[01:20:33 INF] Spawned Coastal Patrol Coast Guard of Thronderlag for Thronderlag
[01:20:48 INF] Attempting to spawn patrol for Makeb using template patrol_party_khuzait_template_coastal
[01:20:48 INF] Creating MobileParty: coastal_patrol_town_K3_6445
[01:20:48 INF] MobileParty created: Coast Guard of Makeb
[01:20:48 INF] Spawn Position: (CampaignVec2) X: 837.6634 Y: 539.4299 IsOnLand: True. Initializing Template: patrol_party_khuzait_template_coastal
[01:20:48 INF] Initialized at position.
[01:20:48 INF] SetMovePatrolAroundSettlement successful.
[01:20:48 INF] Spawned Coastal Patrol Coast Guard of Makeb for Makeb
[01:23:12 INF] Attempting to spawn patrol for Pravend using template patrol_party_vlandia_template_coastal
[01:23:12 INF] Creating MobileParty: coastal_patrol_town_V3_9969
[01:23:12 INF] MobileParty created: Coast Guard of Pravend
[01:23:12 INF] Spawn Position: (CampaignVec2) X: 239.7295 Y: 516.6317 IsOnLand: True. Initializing Template: patrol_party_vlandia_template_coastal
[01:23:12 INF] Initialized at position.
[01:23:12 INF] SetMovePatrolAroundSettlement successful.
[01:23:12 INF] Spawned Coastal Patrol Coast Guard of Pravend for Pravend
[01:31:40 INF] Attempting to spawn patrol for Charas using template patrol_party_vlandia_template_coastal
[01:31:40 INF] Creating MobileParty: coastal_patrol_town_V7_5499
[01:31:40 INF] MobileParty created: Coast Guard of Charas
[01:31:40 INF] Spawn Position: (CampaignVec2) X: 312.709 Y: 375.2491 IsOnLand: True. Initializing Template: patrol_party_vlandia_template_coastal
[01:31:40 INF] Initialized at position.
[01:31:40 INF] SetMovePatrolAroundSettlement successful.
[01:31:40 INF] Spawned Coastal Patrol Coast Guard of Charas for Charas
[01:31:54 INF] Attempting to spawn patrol for Hvalvik using template patrol_party_nord_template_coastal
[01:31:54 INF] Creating MobileParty: coastal_patrol_town_N1_2770
[01:31:54 INF] MobileParty created: Coast Guard of Hvalvik
[01:31:54 INF] Spawn Position: (CampaignVec2) X: 203.1058 Y: 730.0254 IsOnLand: True. Initializing Template: patrol_party_nord_template_coastal
[01:31:54 INF] Initialized at position.
[01:31:54 INF] SetMovePatrolAroundSettlement successful.
[01:31:54 INF] Spawned Coastal Patrol Coast Guard of Hvalvik for Hvalvik
[01:36:50 INF] Attempting to spawn patrol for Danustica using template patrol_party_empire_template_coastal
[01:36:50 INF] Creating MobileParty: coastal_patrol_town_ES1_4611
[01:36:50 INF] MobileParty created: Coast Guard of Danustica
[01:36:50 INF] Spawn Position: (CampaignVec2) X: 774.6617 Y: 275.3807 IsOnLand: True. Initializing Template: patrol_party_empire_template_coastal
[01:36:50 INF] Initialized at position.
[01:36:50 INF] SetMovePatrolAroundSettlement successful.
[01:36:50 INF] Spawned Coastal Patrol Coast Guard of Danustica for Danustica
[01:49:45 INF] Attempting to spawn patrol for Thronderlag using template patrol_party_nord_template_coastal
[01:49:45 INF] Creating MobileParty: coastal_patrol_town_N3_5352
[01:49:45 INF] MobileParty created: Coast Guard of Thronderlag
[01:49:45 INF] Spawn Position: (CampaignVec2) X: 726.8854 Y: 804.4406 IsOnLand: True. Initializing Template: patrol_party_nord_template_coastal
[01:49:45 INF] Initialized at position.
[01:49:45 INF] SetMovePatrolAroundSettlement successful.
[01:49:45 INF] Spawned Coastal Patrol Coast Guard of Thronderlag for Thronderlag
[01:49:50 INF] Attempting to spawn patrol for Car Banseth using template patrol_party_nord_template_coastal
[01:49:50 INF] Creating MobileParty: coastal_patrol_town_B3_3062
[01:49:50 INF] MobileParty created: Coast Guard of Car Banseth
[01:49:50 INF] Spawn Position: (CampaignVec2) X: 406.5912 Y: 574.0927 IsOnLand: True. Initializing Template: patrol_party_nord_template_coastal
[01:49:50 INF] Initialized at position.
[01:49:50 INF] SetMovePatrolAroundSettlement successful.
[01:49:50 INF] Spawned Coastal Patrol Coast Guard of Car Banseth for Car Banseth
[01:55:57 INF] Attempting to spawn patrol for Makeb using template patrol_party_khuzait_template_coastal
[01:55:57 INF] Creating MobileParty: coastal_patrol_town_K3_7924
[01:55:57 INF] MobileParty created: Coast Guard of Makeb
[01:55:57 INF] Spawn Position: (CampaignVec2) X: 837.6634 Y: 539.4299 IsOnLand: True. Initializing Template: patrol_party_khuzait_template_coastal
[01:55:57 INF] Initialized at position.
[01:55:57 INF] SetMovePatrolAroundSettlement successful.
[01:55:57 INF] Spawned Coastal Patrol Coast Guard of Makeb for Makeb
[02:06:06 INF] Attempting to spawn patrol for Chaikand using template patrol_party_khuzait_template_coastal
[02:06:06 INF] Creating MobileParty: coastal_patrol_town_K5_2121
[02:06:06 INF] MobileParty created: Coast Guard of Chaikand
[02:06:06 INF] Spawn Position: (CampaignVec2) X: 843.7406 Y: 458.4564 IsOnLand: True. Initializing Template: patrol_party_khuzait_template_coastal
[02:06:06 INF] Initialized at position.
[02:06:06 INF] SetMovePatrolAroundSettlement successful.
[02:06:06 INF] Spawned Coastal Patrol Coast Guard of Chaikand for Chaikand
[02:08:57 INF] Attempting to spawn patrol for Hargard using template patrol_party_nord_template_coastal
[02:08:57 INF] Creating MobileParty: coastal_patrol_town_N4_1037
[02:08:57 INF] MobileParty created: Coast Guard of Hargard
[02:08:57 INF] Spawn Position: (CampaignVec2) X: 885.4429 Y: 748.7587 IsOnLand: True. Initializing Template: patrol_party_nord_template_coastal
[02:08:57 INF] Initialized at position.
[02:08:57 INF] SetMovePatrolAroundSettlement successful.
[02:08:57 INF] Spawned Coastal Patrol Coast Guard of Hargard for Hargard
[02:17:16 INF] Attempting to spawn patrol for Chaikand using template patrol_party_khuzait_template_coastal
[02:17:16 INF] Creating MobileParty: coastal_patrol_town_K5_1989
[02:17:16 INF] MobileParty created: Coast Guard of Chaikand
[02:17:16 INF] Spawn Position: (CampaignVec2) X: 843.7406 Y: 458.4564 IsOnLand: True. Initializing Template: patrol_party_khuzait_template_coastal
[02:17:16 INF] Initialized at position.
[02:17:16 INF] SetMovePatrolAroundSettlement successful.
[02:17:16 INF] Spawned Coastal Patrol Coast Guard of Chaikand for Chaikand
[02:44:57 INF] Attempting to spawn patrol for Thronderlag using template patrol_party_nord_template_coastal
[02:44:57 INF] Creating MobileParty: coastal_patrol_town_N3_6186
[02:44:57 INF] MobileParty created: Coast Guard of Thronderlag
[02:44:57 INF] Spawn Position: (CampaignVec2) X: 726.8854 Y: 804.4406 IsOnLand: True. Initializing Template: patrol_party_nord_template_coastal
[02:44:57 INF] Initialized at position.
[02:44:57 INF] SetMovePatrolAroundSettlement successful.
[02:44:57 INF] Spawned Coastal Patrol Coast Guard of Thronderlag for Thronderlag
[02:56:35 INF] Attempting to spawn patrol for Car Banseth using template patrol_party_sturgia_template_coastal
[02:56:35 INF] Creating MobileParty: coastal_patrol_town_B3_3034
[02:56:35 INF] MobileParty created: Coast Guard of Car Banseth
[02:56:35 INF] Spawn Position: (CampaignVec2) X: 406.5912 Y: 574.0927 IsOnLand: True. Initializing Template: patrol_party_sturgia_template_coastal
[02:56:35 INF] Initialized at position.
[02:56:35 INF] SetMovePatrolAroundSettlement successful.
[02:56:35 INF] Spawned Coastal Patrol Coast Guard of Car Banseth for Car Banseth
[02:57:10 INF] Attempting to spawn patrol for Thronderlag using template patrol_party_nord_template_coastal
[02:57:10 INF] Creating MobileParty: coastal_patrol_town_N3_5795
[02:57:10 INF] MobileParty created: Coast Guard of Thronderlag
[02:57:10 INF] Spawn Position: (CampaignVec2) X: 726.8854 Y: 804.4406 IsOnLand: True. Initializing Template: patrol_party_nord_template_coastal
[02:57:10 INF] Initialized at position.
[02:57:10 INF] SetMovePatrolAroundSettlement successful.
[02:57:10 INF] Spawned Coastal Patrol Coast Guard of Thronderlag for Thronderlag
[02:58:04 INF] Attempting to spawn patrol for Makeb using template patrol_party_khuzait_template_coastal
[02:58:04 INF] Creating MobileParty: coastal_patrol_town_K3_5848
[02:58:04 INF] MobileParty created: Coast Guard of Makeb
[02:58:04 INF] Spawn Position: (CampaignVec2) X: 837.6634 Y: 539.4299 IsOnLand: True. Initializing Template: patrol_party_khuzait_template_coastal
[02:58:04 INF] Initialized at position.
[02:58:04 INF] SetMovePatrolAroundSettlement successful.
[02:58:04 INF] Spawned Coastal Patrol Coast Guard of Makeb for Makeb
[03:00:35 INF] Attempting to spawn patrol for Car Banseth using template patrol_party_battania_template_coastal
[03:00:35 INF] Creating MobileParty: coastal_patrol_town_B3_2811
[03:00:35 INF] MobileParty created: Coast Guard of Car Banseth
[03:00:35 INF] Spawn Position: (CampaignVec2) X: 406.5912 Y: 574.0927 IsOnLand: True. Initializing Template: patrol_party_battania_template_coastal
[03:00:35 INF] Initialized at position.
[03:00:35 INF] SetMovePatrolAroundSettlement successful.
[03:00:35 INF] Spawned Coastal Patrol Coast Guard of Car Banseth for Car Banseth
[03:02:35 INF] Attempting to spawn patrol for Car Banseth using template patrol_party_battania_template_coastal
[03:02:35 INF] Creating MobileParty: coastal_patrol_town_B3_6186
[03:02:35 INF] MobileParty created: Coast Guard of Car Banseth
[03:02:35 INF] Spawn Position: (CampaignVec2) X: 406.5912 Y: 574.0927 IsOnLand: True. Initializing Template: patrol_party_battania_template_coastal
[03:02:35 INF] Initialized at position.
[03:02:35 INF] SetMovePatrolAroundSettlement successful.
[03:02:35 INF] Spawned Coastal Patrol Coast Guard of Car Banseth for Car Banseth
[03:05:51 INF] Attempting to spawn patrol for Hvalvik using template patrol_party_nord_template_coastal
[03:05:51 INF] Creating MobileParty: coastal_patrol_town_N1_8443
[03:05:51 INF] MobileParty created: Coast Guard of Hvalvik
[03:05:51 INF] Spawn Position: (CampaignVec2) X: 203.1058 Y: 730.0254 IsOnLand: True. Initializing Template: patrol_party_nord_template_coastal
[03:05:51 INF] Initialized at position.
[03:05:51 INF] SetMovePatrolAroundSettlement successful.
[03:05:51 INF] Spawned Coastal Patrol Coast Guard of Hvalvik for Hvalvik
[03:06:08 INF] Attempting to spawn patrol for Chaikand using template patrol_party_khuzait_template_coastal
[03:06:08 INF] Creating MobileParty: coastal_patrol_town_K5_9271
[03:06:08 INF] MobileParty created: Coast Guard of Chaikand
[03:06:08 INF] Spawn Position: (CampaignVec2) X: 843.7406 Y: 458.4564 IsOnLand: True. Initializing Template: patrol_party_khuzait_template_coastal
[03:06:08 INF] Initialized at position.
[03:06:08 INF] SetMovePatrolAroundSettlement successful.
[03:06:08 INF] Spawned Coastal Patrol Coast Guard of Chaikand for Chaikand
[03:09:51 INF] Attempting to spawn patrol for Gretysfjord using template patrol_party_nord_template_coastal
[03:09:51 INF] Creating MobileParty: coastal_patrol_town_N2_2334
[03:09:51 INF] MobileParty created: Coast Guard of Gretysfjord
[03:09:51 INF] Spawn Position: (CampaignVec2) X: 525.6013 Y: 771.1588 IsOnLand: True. Initializing Template: patrol_party_nord_template_coastal
[03:09:51 INF] Initialized at position.
[03:09:51 INF] SetMovePatrolAroundSettlement successful.
[03:09:51 INF] Spawned Coastal Patrol Coast Guard of Gretysfjord for Gretysfjord
[03:11:19 INF] Attempting to spawn patrol for Pravend using template patrol_party_vlandia_template_coastal
[03:11:19 INF] Creating MobileParty: coastal_patrol_town_V3_9822
[03:11:19 INF] MobileParty created: Coast Guard of Pravend
[03:11:19 INF] Spawn Position: (CampaignVec2) X: 239.7295 Y: 516.6317 IsOnLand: True. Initializing Template: patrol_party_vlandia_template_coastal
[03:11:19 INF] Initialized at position.
[03:11:19 INF] SetMovePatrolAroundSettlement successful.
[03:11:19 INF] Spawned Coastal Patrol Coast Guard of Pravend for Pravend
[03:12:31 INF] Attempting to spawn patrol for Thronderlag using template patrol_party_nord_template_coastal
[03:12:31 INF] Creating MobileParty: coastal_patrol_town_N3_6651
[03:12:31 INF] MobileParty created: Coast Guard of Thronderlag
[03:12:31 INF] Spawn Position: (CampaignVec2) X: 726.8854 Y: 804.4406 IsOnLand: True. Initializing Template: patrol_party_nord_template_coastal
[03:12:31 INF] Initialized at position.
[03:12:31 INF] SetMovePatrolAroundSettlement successful.
[03:12:31 INF] Spawned Coastal Patrol Coast Guard of Thronderlag for Thronderlag
[03:13:39 INF] Attempting to spawn patrol for Pravend using template patrol_party_vlandia_template_coastal
[03:13:39 INF] Creating MobileParty: coastal_patrol_town_V3_622
[03:13:39 INF] MobileParty created: Coast Guard of Pravend
[03:13:39 INF] Spawn Position: (CampaignVec2) X: 239.7295 Y: 516.6317 IsOnLand: True. Initializing Template: patrol_party_vlandia_template_coastal
[03:13:39 INF] Initialized at position.
[03:13:39 INF] SetMovePatrolAroundSettlement successful.
[03:13:39 INF] Spawned Coastal Patrol Coast Guard of Pravend for Pravend
[03:14:13 INF] Attempting to spawn patrol for Hargard using template patrol_party_nord_template_coastal
[03:14:13 INF] Creating MobileParty: coastal_patrol_town_N4_1824
[03:14:13 INF] MobileParty created: Coast Guard of Hargard
[03:14:13 INF] Spawn Position: (CampaignVec2) X: 885.4429 Y: 748.7587 IsOnLand: True. Initializing Template: patrol_party_nord_template_coastal
[03:14:13 INF] Initialized at position.
[03:14:13 INF] SetMovePatrolAroundSettlement successful.
[03:14:13 INF] Spawned Coastal Patrol Coast Guard of Hargard for Hargard
[03:16:19 INF] Attempting to spawn patrol for Car Banseth using template patrol_party_battania_template_coastal
[03:16:19 INF] Creating MobileParty: coastal_patrol_town_B3_4025
[03:16:19 INF] MobileParty created: Coast Guard of Car Banseth
[03:16:19 INF] Spawn Position: (CampaignVec2) X: 406.5912 Y: 574.0927 IsOnLand: True. Initializing Template: patrol_party_battania_template_coastal
[03:16:19 INF] Initialized at position.
[03:16:19 INF] SetMovePatrolAroundSettlement successful.
[03:16:19 INF] Spawned Coastal Patrol Coast Guard of Car Banseth for Car Banseth
[03:19:08 INF] Attempting to spawn patrol for Balgard using template patrol_party_sturgia_template_coastal
[03:19:08 INF] Creating MobileParty: coastal_patrol_town_S2_2723
[03:19:08 INF] MobileParty created: Coast Guard of Balgard
[03:19:08 INF] Spawn Position: (CampaignVec2) X: 725.4158 Y: 709.6862 IsOnLand: True. Initializing Template: patrol_party_sturgia_template_coastal
[03:19:08 INF] Initialized at position.
[03:19:08 INF] SetMovePatrolAroundSettlement successful.
[03:19:08 INF] Spawned Coastal Patrol Coast Guard of Balgard for Balgard
[03:19:29 INF] Attempting to spawn patrol for Chaikand using template patrol_party_khuzait_template_coastal
[03:19:29 INF] Creating MobileParty: coastal_patrol_town_K5_8130
[03:19:29 INF] MobileParty created: Coast Guard of Chaikand
[03:19:29 INF] Spawn Position: (CampaignVec2) X: 843.7406 Y: 458.4564 IsOnLand: True. Initializing Template: patrol_party_khuzait_template_coastal
[03:19:29 INF] Initialized at position.
[03:19:29 INF] SetMovePatrolAroundSettlement successful.
[03:19:29 INF] Spawned Coastal Patrol Coast Guard of Chaikand for Chaikand
[03:20:09 INF] Attempting to spawn patrol for Hargard using template patrol_party_nord_template_coastal
[03:20:09 INF] Creating MobileParty: coastal_patrol_town_N4_7473
[03:20:09 INF] MobileParty created: Coast Guard of Hargard
[03:20:09 INF] Spawn Position: (CampaignVec2) X: 885.4429 Y: 748.7587 IsOnLand: True. Initializing Template: patrol_party_nord_template_coastal
[03:20:09 INF] Initialized at position.
[03:20:09 INF] SetMovePatrolAroundSettlement successful.
[03:20:09 INF] Spawned Coastal Patrol Coast Guard of Hargard for Hargard
[03:24:13 INF] Attempting to spawn patrol for Charas using template patrol_party_vlandia_template_coastal
[03:24:13 INF] Creating MobileParty: coastal_patrol_town_V7_2918
[03:24:13 INF] MobileParty created: Coast Guard of Charas
[03:24:13 INF] Spawn Position: (CampaignVec2) X: 312.709 Y: 375.2491 IsOnLand: True. Initializing Template: patrol_party_vlandia_template_coastal
[03:24:13 INF] Initialized at position.
[03:24:13 INF] SetMovePatrolAroundSettlement successful.
[03:24:13 INF] Spawned Coastal Patrol Coast Guard of Charas for Charas
[03:24:32 INF] Attempting to spawn patrol for Ostican using template patrol_party_vlandia_template_coastal
[03:24:32 INF] Creating MobileParty: coastal_patrol_town_V8_4655
[03:24:32 INF] MobileParty created: Coast Guard of Ostican
[03:24:32 INF] Spawn Position: (CampaignVec2) X: 247.4046 Y: 589.4118 IsOnLand: True. Initializing Template: patrol_party_vlandia_template_coastal
[03:24:32 INF] Initialized at position.
[03:24:32 INF] SetMovePatrolAroundSettlement successful.
[03:24:32 INF] Spawned Coastal Patrol Coast Guard of Ostican for Ostican
[03:34:49 INF] Attempting to spawn patrol for Gretysfjord using template patrol_party_nord_template_coastal
[03:34:49 INF] Creating MobileParty: coastal_patrol_town_N2_1592
[03:34:49 INF] MobileParty created: Coast Guard of Gretysfjord
[03:34:49 INF] Spawn Position: (CampaignVec2) X: 525.6013 Y: 771.1588 IsOnLand: True. Initializing Template: patrol_party_nord_template_coastal
[03:34:49 INF] Initialized at position.
[03:34:49 INF] SetMovePatrolAroundSettlement successful.
[03:34:49 INF] Spawned Coastal Patrol Coast Guard of Gretysfjord for Gretysfjord
[03:36:11 INF] Attempting to spawn patrol for Ostican using template patrol_party_vlandia_template_coastal
[03:36:11 INF] Creating MobileParty: coastal_patrol_town_V8_116
[03:36:11 INF] MobileParty created: Coast Guard of Ostican
[03:36:11 INF] Spawn Position: (CampaignVec2) X: 247.4046 Y: 589.4118 IsOnLand: True. Initializing Template: patrol_party_vlandia_template_coastal
[03:36:11 INF] Initialized at position.
[03:36:11 INF] SetMovePatrolAroundSettlement successful.
[03:36:11 INF] Spawned Coastal Patrol Coast Guard of Ostican for Ostican
[03:37:25 INF] Attempting to spawn patrol for Gretysfjord using template patrol_party_nord_template_coastal
[03:37:25 INF] Creating MobileParty: coastal_patrol_town_N2_7951
[03:37:25 INF] MobileParty created: Coast Guard of Gretysfjord
[03:37:25 INF] Spawn Position: (CampaignVec2) X: 525.6013 Y: 771.1588 IsOnLand: True. Initializing Template: patrol_party_nord_template_coastal
[03:37:25 INF] Initialized at position.
[03:37:25 INF] SetMovePatrolAroundSettlement successful.
[03:37:25 INF] Spawned Coastal Patrol Coast Guard of Gretysfjord for Gretysfjord
[03:45:24 INF] Attempting to spawn patrol for Thronderlag using template patrol_party_nord_template_coastal
[03:45:24 INF] Creating MobileParty: coastal_patrol_town_N3_2931
[03:45:24 INF] MobileParty created: Coast Guard of Thronderlag
[03:45:24 INF] Spawn Position: (CampaignVec2) X: 726.8854 Y: 804.4406 IsOnLand: True. Initializing Template: patrol_party_nord_template_coastal
[03:45:24 INF] Initialized at position.
[03:45:24 INF] SetMovePatrolAroundSettlement successful.
[03:45:24 INF] Spawned Coastal Patrol Coast Guard of Thronderlag for Thronderlag
[03:46:57 INF] Attempting to spawn patrol for Charas using template patrol_party_vlandia_template_coastal
[03:46:57 INF] Creating MobileParty: coastal_patrol_town_V7_4454
[03:46:57 INF] MobileParty created: Coast Guard of Charas
[03:46:57 INF] Spawn Position: (CampaignVec2) X: 312.709 Y: 375.2491 IsOnLand: True. Initializing Template: patrol_party_vlandia_template_coastal
[03:46:57 INF] Initialized at position.
[03:46:57 INF] SetMovePatrolAroundSettlement successful.
[03:46:57 INF] Spawned Coastal Patrol Coast Guard of Charas for Charas
[03:48:08 INF] Attempting to spawn patrol for Gretysfjord using template patrol_party_nord_template_coastal
[03:48:08 INF] Creating MobileParty: coastal_patrol_town_N2_5485
[03:48:08 INF] MobileParty created: Coast Guard of Gretysfjord
[03:48:08 INF] Spawn Position: (CampaignVec2) X: 525.6013 Y: 771.1588 IsOnLand: True. Initializing Template: patrol_party_nord_template_coastal
[03:48:08 INF] Initialized at position.
[03:48:08 INF] SetMovePatrolAroundSettlement successful.
[03:48:08 INF] Spawned Coastal Patrol Coast Guard of Gretysfjord for Gretysfjord
[03:48:22 INF] Attempting to spawn patrol for Makeb using template patrol_party_khuzait_template_coastal
[03:48:22 INF] Creating MobileParty: coastal_patrol_town_K3_4321
[03:48:22 INF] MobileParty created: Coast Guard of Makeb
[03:48:22 INF] Spawn Position: (CampaignVec2) X: 837.6634 Y: 539.4299 IsOnLand: True. Initializing Template: patrol_party_khuzait_template_coastal
[03:48:22 INF] Initialized at position.
[03:48:22 INF] SetMovePatrolAroundSettlement successful.
[03:48:22 INF] Spawned Coastal Patrol Coast Guard of Makeb for Makeb
[03:48:25 INF] Attempting to spawn patrol for Chaikand using template patrol_party_khuzait_template_coastal
[03:48:25 INF] Creating MobileParty: coastal_patrol_town_K5_3213
[03:48:25 INF] MobileParty created: Coast Guard of Chaikand
[03:48:25 INF] Spawn Position: (CampaignVec2) X: 843.7406 Y: 458.4564 IsOnLand: True. Initializing Template: patrol_party_khuzait_template_coastal
[03:48:25 INF] Initialized at position.
[03:48:25 INF] SetMovePatrolAroundSettlement successful.
[03:48:25 INF] Spawned Coastal Patrol Coast Guard of Chaikand for Chaikand
[04:08:40 INF] Attempting to spawn patrol for Lageta using template patrol_party_empire_template_coastal
[04:08:40 INF] Creating MobileParty: coastal_patrol_town_EW1_3240
[04:08:40 INF] MobileParty created: Coast Guard of Lageta
[04:08:40 INF] Spawn Position: (CampaignVec2) X: 386.5522 Y: 405.6549 IsOnLand: True. Initializing Template: patrol_party_empire_template_coastal
[04:08:40 INF] Initialized at position.
[04:08:40 INF] SetMovePatrolAroundSettlement successful.
[04:08:40 INF] Spawned Coastal Patrol Coast Guard of Lageta for Lageta
[04:24:55 INF] Attempting to spawn patrol for Charas using template patrol_party_vlandia_template_coastal
[04:24:55 INF] Creating MobileParty: coastal_patrol_town_V7_3391
[04:24:55 INF] MobileParty created: Coast Guard of Charas
[04:24:55 INF] Spawn Position: (CampaignVec2) X: 312.709 Y: 375.2491 IsOnLand: True. Initializing Template: patrol_party_vlandia_template_coastal
[04:24:55 INF] Initialized at position.
[04:24:55 INF] SetMovePatrolAroundSettlement successful.
[04:24:55 INF] Spawned Coastal Patrol Coast Guard of Charas for Charas
