2026-01-09 00:30:22.185 -06:00 [INF] LivingLegend Logging Initialized.
2026-01-09 00:44:21.068 -06:00 [INF] LivingLegendBehavior: Session Launched. Initializing dialogs and menus.
2026-01-09 00:48:38.789 -06:00 [INF] Rally Militia: Spawning patrol at Tepes
2026-01-09 00:48:38.791 -06:00 [INF] Rally Militia: Patrol successfully spawned/initialized at Tepes
2026-01-09 00:48:41.051 -06:00 [INF] Rally Militia: Spawning patrol at Neocorys
2026-01-09 00:48:41.051 -06:00 [INF] Rally Militia: Patrol successfully spawned/initialized at Neocorys
2026-01-09 00:49:29.084 -06:00 [INF] Rally Militia: Spawning patrol at Dradios
2026-01-09 00:49:29.085 -06:00 [INF] Rally Militia: Patrol successfully spawned/initialized at Dradios
2026-01-09 00:49:30.784 -06:00 [INF] Rally Militia: Spawning patrol at Popsia
2026-01-09 00:49:30.784 -06:00 [INF] Rally Militia: Patrol successfully spawned/initialized at Popsia
2026-01-09 00:49:53.576 -06:00 [INF] Rally Militia: Spawning patrol at Troverag
2026-01-09 00:49:53.577 -06:00 [INF] Rally Militia: Patrol successfully spawned/initialized at Troverag
2026-01-09 00:50:00.311 -06:00 [INF] Rally Militia: Spawning patrol at Mazen
2026-01-09 00:50:00.311 -06:00 [INF] Rally Militia: Patrol successfully spawned/initialized at Mazen
2026-01-09 00:50:04.238 -06:00 [INF] Rally Militia: Spawning patrol at Popsia
2026-01-09 00:50:04.239 -06:00 [INF] Rally Militia: Patrol successfully spawned/initialized at Popsia
2026-01-09 00:50:17.402 -06:00 [INF] Rally Militia: Spawning patrol at Safna
2026-01-09 00:50:17.402 -06:00 [INF] Rally Militia: Patrol successfully spawned/initialized at Safna
2026-01-09 00:50:20.023 -06:00 [INF] Rally Militia: Spawning patrol at Nogrent
2026-01-09 00:50:20.023 -06:00 [INF] Rally Militia: Patrol successfully spawned/initialized at Nogrent
2026-01-09 00:50:32.370 -06:00 [INF] Rally Militia: Spawning patrol at Jeracos
2026-01-09 00:50:32.370 -06:00 [INF] Rally Militia: Patrol successfully spawned/initialized at Jeracos
2026-01-09 00:50:38.726 -06:00 [INF] Rally Militia: Spawning patrol at Tubilis
2026-01-09 00:50:38.726 -06:00 [INF] Rally Militia: Patrol successfully spawned/initialized at Tubilis
2026-01-09 00:51:20.818 -06:00 [INF] Rally Militia: Spawning patrol at Chanopsis
2026-01-09 00:51:20.818 -06:00 [INF] Rally Militia: Patrol successfully spawned/initialized at Chanopsis
2026-01-09 00:51:22.522 -06:00 [INF] Rally Militia: Spawning patrol at Marabrot
2026-01-09 00:51:22.523 -06:00 [INF] Rally Militia: Patrol successfully spawned/initialized at Marabrot
2026-01-09 00:51:23.827 -06:00 [INF] Rally Militia: Spawning patrol at Tubilis
2026-01-09 00:51:23.827 -06:00 [INF] Rally Militia: Patrol successfully spawned/initialized at Tubilis
2026-01-09 00:52:32.943 -06:00 [INF] Rally Militia: Spawning patrol at Talivel
2026-01-09 00:52:32.943 -06:00 [INF] Rally Militia: Patrol successfully spawned/initialized at Talivel
2026-01-09 00:52:46.942 -06:00 [INF] Rally Militia: Spawning patrol at Neocorys
2026-01-09 00:52:46.943 -06:00 [INF] Rally Militia: Patrol successfully spawned/initialized at Neocorys
2026-01-09 00:52:48.633 -06:00 [INF] Rally Militia: Spawning patrol at Parasemnos
2026-01-09 00:52:48.633 -06:00 [INF] Rally Militia: Patrol successfully spawned/initialized at Parasemnos
2026-01-09 00:52:51.632 -06:00 [INF] Rally Militia: Spawning patrol at Hiblet
2026-01-09 00:52:51.632 -06:00 [INF] Rally Militia: Patrol successfully spawned/initialized at Hiblet
2026-01-09 00:52:57.970 -06:00 [INF] Rally Militia: Spawning patrol at Troverag
2026-01-09 00:52:57.971 -06:00 [INF] Rally Militia: Patrol successfully spawned/initialized at Troverag
2026-01-09 00:53:24.708 -06:00 [INF] Rally Militia: Spawning patrol at Ispantar
2026-01-09 00:53:24.708 -06:00 [INF] Rally Militia: Patrol successfully spawned/initialized at Ispantar
2026-01-09 00:53:25.274 -06:00 [INF] Rally Militia: Spawning patrol at Atrion
2026-01-09 00:53:25.275 -06:00 [INF] Rally Militia: Patrol successfully spawned/initialized at Atrion
2026-01-09 00:53:31.613 -06:00 [INF] Rally Militia: Spawning patrol at Mijayit
2026-01-09 00:53:31.614 -06:00 [INF] Rally Militia: Patrol successfully spawned/initialized at Mijayit
2026-01-09 00:53:32.933 -06:00 [INF] Rally Militia: Spawning patrol at Rodetan
2026-01-09 00:53:32.934 -06:00 [INF] Rally Militia: Patrol successfully spawned/initialized at Rodetan
2026-01-09 00:54:37.088 -06:00 [INF] Rally Militia: Spawning patrol at Neocorys
2026-01-09 00:54:37.088 -06:00 [INF] Rally Militia: Patrol successfully spawned/initialized at Neocorys
2026-01-09 00:54:41.753 -06:00 [INF] Rally Militia: Spawning patrol at Baq
2026-01-09 00:54:41.753 -06:00 [INF] Rally Militia: Patrol successfully spawned/initialized at Baq
2026-01-09 00:55:28.773 -06:00 [INF] Rally Militia: Spawning patrol at Hanekhy
2026-01-09 00:55:28.773 -06:00 [INF] Rally Militia: Patrol successfully spawned/initialized at Hanekhy
2026-01-09 00:55:31.013 -06:00 [INF] Rally Militia: Spawning patrol at Dradios
2026-01-09 00:55:31.013 -06:00 [INF] Rally Militia: Patrol successfully spawned/initialized at Dradios
2026-01-09 00:55:32.672 -06:00 [INF] Rally Militia: Spawning patrol at Popsia
2026-01-09 00:55:32.672 -06:00 [INF] Rally Militia: Patrol successfully spawned/initialized at Popsia
2026-01-09 00:55:34.367 -06:00 [INF] Rally Militia: Spawning patrol at Forin
2026-01-09 00:55:34.367 -06:00 [INF] Rally Militia: Patrol successfully spawned/initialized at Forin
2026-01-09 00:55:35.673 -06:00 [INF] Rally Militia: Spawning patrol at Nahlan
2026-01-09 00:55:35.674 -06:00 [INF] Rally Militia: Patrol successfully spawned/initialized at Nahlan
2026-01-09 00:55:36.995 -06:00 [INF] Rally Militia: Spawning patrol at Calioc
2026-01-09 00:55:36.995 -06:00 [INF] Rally Militia: Patrol successfully spawned/initialized at Calioc
2026-01-09 00:55:42.057 -06:00 [INF] Rally Militia: Spawning patrol at Ostrif
2026-01-09 00:55:42.059 -06:00 [INF] Rally Militia: Patrol successfully spawned/initialized at Ostrif
2026-01-09 00:55:55.698 -06:00 [INF] Rally Militia: Spawning patrol at Fanab
2026-01-09 00:55:55.698 -06:00 [INF] Rally Militia: Patrol successfully spawned/initialized at Fanab
2026-01-09 00:55:57.013 -06:00 [INF] Rally Militia: Spawning patrol at Furbec
2026-01-09 00:55:57.014 -06:00 [INF] Rally Militia: Patrol successfully spawned/initialized at Furbec
2026-01-09 00:56:20.984 -06:00 [INF] Rally Militia: Spawning patrol at Mazen
2026-01-09 00:56:20.984 -06:00 [INF] Rally Militia: Patrol successfully spawned/initialized at Mazen
2026-01-09 00:56:24.891 -06:00 [INF] Rally Militia: Spawning patrol at Amycon
2026-01-09 00:56:24.891 -06:00 [INF] Rally Militia: Patrol successfully spawned/initialized at Amycon
2026-01-09 00:56:26.584 -06:00 [INF] Rally Militia: Spawning patrol at Dnin
2026-01-09 00:56:26.584 -06:00 [INF] Rally Militia: Patrol successfully spawned/initialized at Dnin
2026-01-09 00:56:47.900 -06:00 [INF] Rally Militia: Spawning patrol at Tubilis
2026-01-09 00:56:47.901 -06:00 [INF] Rally Militia: Patrol successfully spawned/initialized at Tubilis
2026-01-09 00:56:49.212 -06:00 [INF] Rally Militia: Spawning patrol at Talivel
2026-01-09 00:56:49.212 -06:00 [INF] Rally Militia: Patrol successfully spawned/initialized at Talivel
2026-01-09 00:57:20.904 -06:00 [INF] Rally Militia: Spawning patrol at Alatys
2026-01-09 00:57:20.904 -06:00 [INF] Rally Militia: Patrol successfully spawned/initialized at Alatys
2026-01-09 00:57:22.587 -06:00 [INF] Rally Militia: Spawning patrol at Zeocorys
2026-01-09 00:57:22.587 -06:00 [INF] Rally Militia: Patrol successfully spawned/initialized at Zeocorys
2026-01-09 00:57:24.271 -06:00 [INF] Rally Militia: Spawning patrol at Popsia
2026-01-09 00:57:24.271 -06:00 [INF] Rally Militia: Patrol successfully spawned/initialized at Popsia
2026-01-09 00:58:41.278 -06:00 [INF] Rally Militia: Spawning patrol at Shapeshte
2026-01-09 00:58:41.278 -06:00 [INF] Rally Militia: Patrol successfully spawned/initialized at Shapeshte
2026-01-09 00:59:41.385 -06:00 [INF] Rally Militia: Spawning patrol at Mazhadan
2026-01-09 00:59:41.385 -06:00 [INF] Rally Militia: Patrol successfully spawned/initialized at Mazhadan
2026-01-09 00:59:42.702 -06:00 [INF] Rally Militia: Spawning patrol at Mijayit
2026-01-09 00:59:42.703 -06:00 [INF] Rally Militia: Patrol successfully spawned/initialized at Mijayit
2026-01-09 00:59:56.344 -06:00 [INF] Rally Militia: Spawning patrol at Agalmon
2026-01-09 00:59:56.345 -06:00 [INF] Rally Militia: Patrol successfully spawned/initialized at Agalmon
2026-01-09 00:59:59.721 -06:00 [INF] Rally Militia: Spawning patrol at Popsia
2026-01-09 00:59:59.721 -06:00 [INF] Rally Militia: Patrol successfully spawned/initialized at Popsia
2026-01-09 01:00:01.405 -06:00 [INF] Rally Militia: Spawning patrol at Dnin
2026-01-09 01:00:01.405 -06:00 [INF] Rally Militia: Patrol successfully spawned/initialized at Dnin
2026-01-09 01:00:57.489 -06:00 [INF] Rally Militia: Spawning patrol at Echarfurd
2026-01-09 01:00:57.489 -06:00 [INF] Rally Militia: Patrol successfully spawned/initialized at Echarfurd
2026-01-09 01:01:14.869 -06:00 [INF] Rally Militia: Spawning patrol at Mazhadan
2026-01-09 01:01:14.869 -06:00 [INF] Rally Militia: Patrol successfully spawned/initialized at Mazhadan
2026-01-09 01:01:19.341 -06:00 [INF] Rally Militia: Spawning patrol at Beglomuar
2026-01-09 01:01:19.341 -06:00 [INF] Rally Militia: Patrol successfully spawned/initialized at Beglomuar
2026-01-09 01:01:22.519 -06:00 [INF] Rally Militia: Spawning patrol at Vagnafit
2026-01-09 01:01:22.520 -06:00 [INF] Rally Militia: Patrol successfully spawned/initialized at Vagnafit
2026-01-09 01:01:58.013 -06:00 [INF] Rally Militia: Spawning patrol at Pabastan
2026-01-09 01:01:58.014 -06:00 [INF] Rally Militia: Patrol successfully spawned/initialized at Pabastan
2026-01-09 01:02:01.955 -06:00 [INF] Rally Militia: Spawning patrol at Sagora
2026-01-09 01:02:01.955 -06:00 [INF] Rally Militia: Patrol successfully spawned/initialized at Sagora
2026-01-09 01:02:20.262 -06:00 [INF] Rally Militia: Spawning patrol at Troverag
2026-01-09 01:02:20.262 -06:00 [INF] Rally Militia: Patrol successfully spawned/initialized at Troverag
2026-01-09 01:02:46.538 -06:00 [INF] Rally Militia: Spawning patrol at Hetania
2026-01-09 01:02:46.538 -06:00 [INF] Rally Militia: Patrol successfully spawned/initialized at Hetania
2026-01-09 01:02:52.871 -06:00 [INF] Rally Militia: Spawning patrol at Mijayit
2026-01-09 01:02:52.872 -06:00 [INF] Rally Militia: Patrol successfully spawned/initialized at Mijayit
2026-01-09 01:04:23.226 -06:00 [INF] Rally Militia: Spawning patrol at Nideon
2026-01-09 01:04:23.227 -06:00 [INF] Rally Militia: Patrol successfully spawned/initialized at Nideon
2026-01-09 01:04:29.200 -06:00 [INF] Rally Militia: Spawning patrol at Talivel
2026-01-09 01:04:29.201 -06:00 [INF] Rally Militia: Patrol successfully spawned/initialized at Talivel
2026-01-09 01:04:31.081 -06:00 [INF] Rally Militia: Spawning patrol at Claig Ban
2026-01-09 01:04:31.081 -06:00 [INF] Rally Militia: Patrol successfully spawned/initialized at Claig Ban
2026-01-09 01:05:25.766 -06:00 [INF] Rally Militia: Spawning patrol at Forin
2026-01-09 01:05:25.766 -06:00 [INF] Rally Militia: Patrol successfully spawned/initialized at Forin
2026-01-09 01:05:27.067 -06:00 [INF] Rally Militia: Spawning patrol at Baq
2026-01-09 01:05:27.067 -06:00 [INF] Rally Militia: Patrol successfully spawned/initialized at Baq
2026-01-09 01:05:33.404 -06:00 [INF] Rally Militia: Spawning patrol at Vagnafit
2026-01-09 01:05:33.404 -06:00 [INF] Rally Militia: Patrol successfully spawned/initialized at Vagnafit
2026-01-09 01:06:26.098 -06:00 [INF] Rally Militia: Spawning patrol at Safna
2026-01-09 01:06:26.098 -06:00 [INF] Rally Militia: Patrol successfully spawned/initialized at Safna
2026-01-09 01:06:27.398 -06:00 [INF] Rally Militia: Spawning patrol at Tasheba
2026-01-09 01:06:27.398 -06:00 [INF] Rally Militia: Patrol successfully spawned/initialized at Tasheba
2026-01-09 01:06:28.734 -06:00 [INF] Rally Militia: Spawning patrol at Talivel
2026-01-09 01:06:28.734 -06:00 [INF] Rally Militia: Patrol successfully spawned/initialized at Talivel
2026-01-09 01:06:32.548 -06:00 [INF] Rally Militia: Spawning patrol at Seordas
2026-01-09 01:06:32.548 -06:00 [INF] Rally Militia: Patrol successfully spawned/initialized at Seordas
2026-01-09 01:08:39.773 -06:00 [INF] Rally Militia: Spawning patrol at Meroc
2026-01-09 01:08:39.774 -06:00 [INF] Rally Militia: Patrol successfully spawned/initialized at Meroc
2026-01-09 01:08:41.662 -06:00 [INF] Rally Militia: Spawning patrol at Uthelaim
2026-01-09 01:08:41.662 -06:00 [INF] Rally Militia: Patrol successfully spawned/initialized at Uthelaim
2026-01-09 01:08:58.534 -06:00 [INF] Rally Militia: Spawning patrol at Tubilis
2026-01-09 01:08:58.534 -06:00 [INF] Rally Militia: Patrol successfully spawned/initialized at Tubilis
2026-01-09 01:08:59.842 -06:00 [INF] Rally Militia: Spawning patrol at Echarfurd
2026-01-09 01:08:59.843 -06:00 [INF] Rally Militia: Patrol successfully spawned/initialized at Echarfurd
2026-01-09 01:09:19.798 -06:00 [INF] Rally Militia: Spawning patrol at Tepes
2026-01-09 01:09:19.800 -06:00 [INF] Rally Militia: Patrol successfully spawned/initialized at Tepes
2026-01-09 01:09:29.876 -06:00 [INF] Rally Militia: Spawning patrol at Ebereth
2026-01-09 01:09:29.877 -06:00 [INF] Rally Militia: Patrol successfully spawned/initialized at Ebereth
2026-01-09 01:09:40.373 -06:00 [INF] Rally Militia: Spawning patrol at Mecalovea
2026-01-09 01:09:40.373 -06:00 [INF] Rally Militia: Patrol successfully spawned/initialized at Mecalovea
2026-01-09 01:09:42.055 -06:00 [INF] Rally Militia: Spawning patrol at Tarcutis
2026-01-09 01:09:42.055 -06:00 [INF] Rally Militia: Patrol successfully spawned/initialized at Tarcutis
2026-01-09 01:09:43.737 -06:00 [INF] Rally Militia: Spawning patrol at Parasemnos
2026-01-09 01:09:43.737 -06:00 [INF] Rally Militia: Patrol successfully spawned/initialized at Parasemnos
2026-01-09 01:10:05.407 -06:00 [INF] Rally Militia: Spawning patrol at Safna
2026-01-09 01:10:05.407 -06:00 [INF] Rally Militia: Patrol successfully spawned/initialized at Safna
2026-01-09 01:10:09.906 -06:00 [INF] Rally Militia: Spawning patrol at Seordas
2026-01-09 01:10:09.906 -06:00 [INF] Rally Militia: Patrol successfully spawned/initialized at Seordas
2026-01-09 01:10:13.105 -06:00 [INF] Rally Militia: Spawning patrol at Skarthness
2026-01-09 01:10:13.105 -06:00 [INF] Rally Militia: Patrol successfully spawned/initialized at Skarthness
2026-01-09 01:10:22.081 -06:00 [INF] Rally Militia: Spawning patrol at Tarcutis
2026-01-09 01:10:22.081 -06:00 [INF] Rally Militia: Patrol successfully spawned/initialized at Tarcutis
2026-01-09 01:13:51.938 -06:00 [INF] Rally Militia: Spawning patrol at Tasheba
2026-01-09 01:13:51.938 -06:00 [INF] Rally Militia: Patrol successfully spawned/initialized at Tasheba
2026-01-09 01:14:30.015 -06:00 [INF] Rally Militia: Spawning patrol at Kargrev
2026-01-09 01:14:30.016 -06:00 [INF] Rally Militia: Patrol successfully spawned/initialized at Kargrev
2026-01-09 01:16:12.377 -06:00 [INF] Rally Militia: Spawning patrol at Tasheba
2026-01-09 01:16:12.377 -06:00 [INF] Rally Militia: Patrol successfully spawned/initialized at Tasheba
2026-01-09 01:16:13.682 -06:00 [INF] Rally Militia: Spawning patrol at Furbec
2026-01-09 01:16:13.683 -06:00 [INF] Rally Militia: Patrol successfully spawned/initialized at Furbec
2026-01-09 01:16:30.578 -06:00 [INF] Rally Militia: Spawning patrol at Sestadaim
2026-01-09 01:16:30.578 -06:00 [INF] Rally Militia: Patrol successfully spawned/initialized at Sestadaim
2026-01-09 01:18:05.833 -06:00 [INF] Rally Militia: Spawning patrol at Meroc
2026-01-09 01:18:05.833 -06:00 [INF] Rally Militia: Patrol successfully spawned/initialized at Meroc
2026-01-09 01:18:07.695 -06:00 [INF] Rally Militia: Spawning patrol at Claig Ban
2026-01-09 01:18:07.695 -06:00 [INF] Rally Militia: Patrol successfully spawned/initialized at Claig Ban
2026-01-09 01:18:22.892 -06:00 [INF] Rally Militia: Spawning patrol at Vagnafit
2026-01-09 01:18:22.893 -06:00 [INF] Rally Militia: Patrol successfully spawned/initialized at Vagnafit
2026-01-09 01:18:29.598 -06:00 [INF] Rally Militia: Spawning patrol at Mazen
2026-01-09 01:18:29.600 -06:00 [INF] Rally Militia: Patrol successfully spawned/initialized at Mazen
2026-01-09 01:18:30.175 -06:00 [INF] Rally Militia: Spawning patrol at Agalmon
2026-01-09 01:18:30.175 -06:00 [INF] Rally Militia: Patrol successfully spawned/initialized at Agalmon
2026-01-09 01:18:31.878 -06:00 [INF] Rally Militia: Spawning patrol at Aegosca
2026-01-09 01:18:31.878 -06:00 [INF] Rally Militia: Patrol successfully spawned/initialized at Aegosca
2026-01-09 01:18:33.554 -06:00 [INF] Rally Militia: Spawning patrol at Canterion
2026-01-09 01:18:33.554 -06:00 [INF] Rally Militia: Patrol successfully spawned/initialized at Canterion
2026-01-09 01:18:49.845 -06:00 [INF] Rally Militia: Spawning patrol at Okhutan
2026-01-09 01:18:49.846 -06:00 [INF] Rally Militia: Patrol successfully spawned/initialized at Okhutan
2026-01-09 01:20:13.963 -06:00 [INF] Rally Militia: Spawning patrol at Zeocorys
2026-01-09 01:20:13.963 -06:00 [INF] Rally Militia: Patrol successfully spawned/initialized at Zeocorys
2026-01-09 01:20:21.717 -06:00 [INF] Rally Militia: Spawning patrol at Beglomuar
2026-01-09 01:20:21.718 -06:00 [INF] Rally Militia: Patrol successfully spawned/initialized at Beglomuar
2026-01-09 01:20:31.708 -06:00 [INF] Rally Militia: Spawning patrol at Okhutan
2026-01-09 01:20:31.708 -06:00 [INF] Rally Militia: Patrol successfully spawned/initialized at Okhutan
2026-01-09 01:20:41.746 -06:00 [INF] Rally Militia: Spawning patrol at Claig Ban
2026-01-09 01:20:41.747 -06:00 [INF] Rally Militia: Patrol successfully spawned/initialized at Claig Ban
2026-01-09 01:22:43.705 -06:00 [INF] Rally Militia: Spawning patrol at Mecalovea
2026-01-09 01:22:43.705 -06:00 [INF] Rally Militia: Patrol successfully spawned/initialized at Mecalovea
2026-01-09 01:22:45.379 -06:00 [INF] Rally Militia: Spawning patrol at Dradios
2026-01-09 01:22:45.379 -06:00 [INF] Rally Militia: Patrol successfully spawned/initialized at Dradios
2026-01-09 01:22:47.043 -06:00 [INF] Rally Militia: Spawning patrol at Sestadaim
2026-01-09 01:22:47.043 -06:00 [INF] Rally Militia: Patrol successfully spawned/initialized at Sestadaim
2026-01-09 01:22:48.700 -06:00 [INF] Rally Militia: Spawning patrol at Marabrot
2026-01-09 01:22:48.700 -06:00 [INF] Rally Militia: Patrol successfully spawned/initialized at Marabrot
2026-01-09 01:22:56.275 -06:00 [INF] Rally Militia: Spawning patrol at Holarsver
2026-01-09 01:22:56.275 -06:00 [INF] Rally Militia: Patrol successfully spawned/initialized at Holarsver
2026-01-09 01:23:03.686 -06:00 [INF] Rally Militia: Spawning patrol at Atrion
2026-01-09 01:23:03.686 -06:00 [INF] Rally Militia: Patrol successfully spawned/initialized at Atrion
2026-01-09 01:23:05.374 -06:00 [INF] Rally Militia: Spawning patrol at Aegosca
2026-01-09 01:23:05.374 -06:00 [INF] Rally Militia: Patrol successfully spawned/initialized at Aegosca
2026-01-09 01:23:07.037 -06:00 [INF] Rally Militia: Spawning patrol at Sestadaim
2026-01-09 01:23:07.037 -06:00 [INF] Rally Militia: Patrol successfully spawned/initialized at Sestadaim
2026-01-09 01:23:11.296 -06:00 [INF] Rally Militia: Spawning patrol at Rodetan
2026-01-09 01:23:11.297 -06:00 [INF] Rally Militia: Patrol successfully spawned/initialized at Rodetan
2026-01-09 01:23:23.119 -06:00 [INF] Rally Militia: Spawning patrol at Kuruluk
2026-01-09 01:23:23.119 -06:00 [INF] Rally Militia: Patrol successfully spawned/initialized at Kuruluk
2026-01-09 01:23:27.009 -06:00 [INF] Rally Militia: Spawning patrol at Sestadaim
2026-01-09 01:23:27.011 -06:00 [INF] Rally Militia: Patrol successfully spawned/initialized at Sestadaim
2026-01-09 01:23:28.711 -06:00 [INF] Rally Militia: Spawning patrol at Marabrot
2026-01-09 01:23:28.712 -06:00 [INF] Rally Militia: Patrol successfully spawned/initialized at Marabrot
2026-01-09 01:23:33.162 -06:00 [INF] Rally Militia: Spawning patrol at Ebereth
2026-01-09 01:23:33.162 -06:00 [INF] Rally Militia: Patrol successfully spawned/initialized at Ebereth
2026-01-09 01:24:04.302 -06:00 [INF] Rally Militia: Spawning patrol at Tepes
2026-01-09 01:24:04.302 -06:00 [INF] Rally Militia: Patrol successfully spawned/initialized at Tepes
2026-01-09 01:24:04.834 -06:00 [INF] Rally Militia: Spawning patrol at Alosea
2026-01-09 01:24:04.834 -06:00 [INF] Rally Militia: Patrol successfully spawned/initialized at Alosea
2026-01-09 01:24:34.347 -06:00 [INF] Rally Militia: Spawning patrol at Chanopsis
2026-01-09 01:24:34.348 -06:00 [INF] Rally Militia: Patrol successfully spawned/initialized at Chanopsis
2026-01-09 01:24:37.306 -06:00 [INF] Rally Militia: Spawning patrol at Mijayit
2026-01-09 01:24:37.306 -06:00 [INF] Rally Militia: Patrol successfully spawned/initialized at Mijayit
2026-01-09 01:25:06.226 -06:00 [INF] Rally Militia: Spawning patrol at Forin
2026-01-09 01:25:06.226 -06:00 [INF] Rally Militia: Patrol successfully spawned/initialized at Forin
2026-01-09 01:27:17.324 -06:00 [INF] Rally Militia: Spawning patrol at Atrion
2026-01-09 01:27:17.324 -06:00 [INF] Rally Militia: Patrol successfully spawned/initialized at Atrion
2026-01-09 01:27:23.653 -06:00 [INF] Rally Militia: Spawning patrol at Jahasim
2026-01-09 01:27:23.653 -06:00 [INF] Rally Militia: Patrol successfully spawned/initialized at Jahasim
2026-01-09 01:27:45.410 -06:00 [INF] Rally Militia: Spawning patrol at Atrion
2026-01-09 01:27:45.411 -06:00 [INF] Rally Militia: Patrol successfully spawned/initialized at Atrion
2026-01-09 01:27:51.785 -06:00 [INF] Rally Militia: Spawning patrol at Sagora
2026-01-09 01:27:51.785 -06:00 [INF] Rally Militia: Patrol successfully spawned/initialized at Sagora
2026-01-09 01:28:03.151 -06:00 [INF] Rally Militia: Spawning patrol at Ostrif
2026-01-09 01:28:03.151 -06:00 [INF] Rally Militia: Patrol successfully spawned/initialized at Ostrif
2026-01-09 01:28:19.465 -06:00 [INF] Rally Militia: Spawning patrol at Alatys
2026-01-09 01:28:19.465 -06:00 [INF] Rally Militia: Patrol successfully spawned/initialized at Alatys
2026-01-09 01:28:25.801 -06:00 [INF] Rally Militia: Spawning patrol at Tubilis
2026-01-09 01:28:25.803 -06:00 [INF] Rally Militia: Patrol successfully spawned/initialized at Tubilis
2026-01-09 01:28:27.080 -06:00 [INF] Rally Militia: Spawning patrol at Meroc
2026-01-09 01:28:27.080 -06:00 [INF] Rally Militia: Patrol successfully spawned/initialized at Meroc
2026-01-09 01:28:48.952 -06:00 [INF] Rally Militia: Spawning patrol at Beglomuar
2026-01-09 01:28:48.953 -06:00 [INF] Rally Militia: Patrol successfully spawned/initialized at Beglomuar
2026-01-09 01:30:57.616 -06:00 [INF] Rally Militia: Spawning patrol at Marabrot
2026-01-09 01:30:57.616 -06:00 [INF] Rally Militia: Patrol successfully spawned/initialized at Marabrot
2026-01-09 01:31:12.608 -06:00 [INF] Rally Militia: Spawning patrol at Alosea
2026-01-09 01:31:12.609 -06:00 [INF] Rally Militia: Patrol successfully spawned/initialized at Alosea
2026-01-09 01:31:14.279 -06:00 [INF] Rally Militia: Spawning patrol at Aegosca
2026-01-09 01:31:14.280 -06:00 [INF] Rally Militia: Patrol successfully spawned/initialized at Aegosca
2026-01-09 01:31:17.624 -06:00 [INF] Rally Militia: Spawning patrol at Safna
2026-01-09 01:31:17.624 -06:00 [INF] Rally Militia: Patrol successfully spawned/initialized at Safna
2026-01-09 01:31:37.645 -06:00 [INF] Rally Militia: Spawning patrol at Dnin
2026-01-09 01:31:37.645 -06:00 [INF] Rally Militia: Patrol successfully spawned/initialized at Dnin
2026-01-09 01:31:38.928 -06:00 [INF] Rally Militia: Spawning patrol at Fanab
2026-01-09 01:31:38.928 -06:00 [INF] Rally Militia: Patrol successfully spawned/initialized at Fanab
2026-01-09 01:31:52.638 -06:00 [INF] Rally Militia: Spawning patrol at Mecalovea
2026-01-09 01:31:52.638 -06:00 [INF] Rally Militia: Patrol successfully spawned/initialized at Mecalovea
2026-01-09 01:31:55.968 -06:00 [INF] Rally Militia: Spawning patrol at Amycon
2026-01-09 01:31:55.969 -06:00 [INF] Rally Militia: Patrol successfully spawned/initialized at Amycon
2026-01-09 01:34:29.475 -06:00 [INF] Rally Militia: Spawning patrol at Vagnafit
2026-01-09 01:34:29.475 -06:00 [INF] Rally Militia: Patrol successfully spawned/initialized at Vagnafit
2026-01-09 01:34:36.894 -06:00 [INF] Rally Militia: Spawning patrol at Masangara
2026-01-09 01:34:36.895 -06:00 [INF] Rally Militia: Patrol successfully spawned/initialized at Masangara
2026-01-09 01:34:38.551 -06:00 [INF] Rally Militia: Spawning patrol at Aegosca
2026-01-09 01:34:38.551 -06:00 [INF] Rally Militia: Patrol successfully spawned/initialized at Aegosca
2026-01-09 01:34:40.208 -06:00 [INF] Rally Militia: Spawning patrol at Sestadaim
2026-01-09 01:34:40.208 -06:00 [INF] Rally Militia: Patrol successfully spawned/initialized at Sestadaim
2026-01-09 01:34:41.890 -06:00 [INF] Rally Militia: Spawning patrol at Rodobas
2026-01-09 01:34:41.890 -06:00 [INF] Rally Militia: Patrol successfully spawned/initialized at Rodobas
2026-01-09 01:34:56.879 -06:00 [INF] Rally Militia: Spawning patrol at Masangara
2026-01-09 01:34:56.879 -06:00 [INF] Rally Militia: Patrol successfully spawned/initialized at Masangara
2026-01-09 01:35:00.212 -06:00 [INF] Rally Militia: Spawning patrol at Chanopsis
2026-01-09 01:35:00.212 -06:00 [INF] Rally Militia: Patrol successfully spawned/initialized at Chanopsis
2026-01-09 01:35:01.897 -06:00 [INF] Rally Militia: Spawning patrol at Mazhadan
2026-01-09 01:35:01.897 -06:00 [INF] Rally Militia: Patrol successfully spawned/initialized at Mazhadan
2026-01-09 01:35:04.462 -06:00 [INF] Rally Militia: Spawning patrol at Talivel
2026-01-09 01:35:04.463 -06:00 [INF] Rally Militia: Patrol successfully spawned/initialized at Talivel
2026-01-09 01:35:18.566 -06:00 [INF] Rally Militia: Spawning patrol at Onica
2026-01-09 01:35:18.566 -06:00 [INF] Rally Militia: Patrol successfully spawned/initialized at Onica
2026-01-09 01:35:24.500 -06:00 [INF] Rally Militia: Spawning patrol at Rodetan
2026-01-09 01:35:24.500 -06:00 [INF] Rally Militia: Patrol successfully spawned/initialized at Rodetan
2026-01-09 01:35:26.325 -06:00 [INF] Rally Militia: Spawning patrol at Ath Cafal
2026-01-09 01:35:26.326 -06:00 [INF] Rally Militia: Patrol successfully spawned/initialized at Ath Cafal
2026-01-09 01:35:36.872 -06:00 [INF] Rally Militia: Spawning patrol at Masangara
2026-01-09 01:35:36.872 -06:00 [INF] Rally Militia: Patrol successfully spawned/initialized at Masangara
2026-01-09 01:35:41.873 -06:00 [INF] Rally Militia: Spawning patrol at Mazhadan
2026-01-09 01:35:41.873 -06:00 [INF] Rally Militia: Patrol successfully spawned/initialized at Mazhadan
2026-01-09 01:35:43.189 -06:00 [INF] Rally Militia: Spawning patrol at Hiblet
2026-01-09 01:35:43.190 -06:00 [INF] Rally Militia: Patrol successfully spawned/initialized at Hiblet
2026-01-09 01:35:56.900 -06:00 [INF] Rally Militia: Spawning patrol at Atrion
2026-01-09 01:35:56.901 -06:00 [INF] Rally Militia: Patrol successfully spawned/initialized at Atrion
2026-01-09 01:36:06.374 -06:00 [INF] Rally Militia: Spawning patrol at Beglomuar
2026-01-09 01:36:06.375 -06:00 [INF] Rally Militia: Patrol successfully spawned/initialized at Beglomuar
2026-01-09 01:36:16.371 -06:00 [INF] Rally Militia: Spawning patrol at Ispantar
2026-01-09 01:36:16.371 -06:00 [INF] Rally Militia: Patrol successfully spawned/initialized at Ispantar
2026-01-09 01:36:20.282 -06:00 [INF] Rally Militia: Spawning patrol at Parasemnos
2026-01-09 01:36:20.284 -06:00 [INF] Rally Militia: Patrol successfully spawned/initialized at Parasemnos
2026-01-09 01:36:21.950 -06:00 [INF] Rally Militia: Spawning patrol at Marabrot
2026-01-09 01:36:21.950 -06:00 [INF] Rally Militia: Patrol successfully spawned/initialized at Marabrot
2026-01-09 01:36:23.230 -06:00 [INF] Rally Militia: Spawning patrol at Jahasim
2026-01-09 01:36:23.230 -06:00 [INF] Rally Militia: Patrol successfully spawned/initialized at Jahasim
2026-01-09 01:36:26.408 -06:00 [INF] Rally Militia: Spawning patrol at Ath Cafal
2026-01-09 01:36:26.408 -06:00 [INF] Rally Militia: Patrol successfully spawned/initialized at Ath Cafal
2026-01-09 01:36:29.526 -06:00 [INF] Rally Militia: Spawning patrol at Troverag
2026-01-09 01:36:29.526 -06:00 [INF] Rally Militia: Patrol successfully spawned/initialized at Troverag
2026-01-09 01:36:40.255 -06:00 [INF] Rally Militia: Spawning patrol at Sestadaim
2026-01-09 01:36:40.256 -06:00 [INF] Rally Militia: Patrol successfully spawned/initialized at Sestadaim
2026-01-09 01:36:43.238 -06:00 [INF] Rally Militia: Spawning patrol at Baq
2026-01-09 01:36:43.239 -06:00 [INF] Rally Militia: Patrol successfully spawned/initialized at Baq
2026-01-09 01:36:46.427 -06:00 [INF] Rally Militia: Spawning patrol at Ath Cafal
2026-01-09 01:36:46.427 -06:00 [INF] Rally Militia: Patrol successfully spawned/initialized at Ath Cafal
2026-01-09 01:36:51.142 -06:00 [INF] Rally Militia: Spawning patrol at Troverag
2026-01-09 01:36:51.143 -06:00 [INF] Rally Militia: Patrol successfully spawned/initialized at Troverag
2026-01-09 01:43:23.772 -06:00 [INF] Rally Militia: Spawning patrol at Mecalovea
2026-01-09 01:43:23.772 -06:00 [INF] Rally Militia: Patrol successfully spawned/initialized at Mecalovea
2026-01-09 01:48:52.891 -06:00 [INF] Rally Militia: Spawning patrol at Uthelaim
2026-01-09 01:48:52.891 -06:00 [INF] Rally Militia: Patrol successfully spawned/initialized at Uthelaim
2026-01-09 01:49:03.460 -06:00 [INF] Rally Militia: Spawning patrol at Hetania
2026-01-09 01:49:03.460 -06:00 [INF] Rally Militia: Patrol successfully spawned/initialized at Hetania
2026-01-09 01:49:08.442 -06:00 [INF] Rally Militia: Spawning patrol at Rodobas
2026-01-09 01:49:08.442 -06:00 [INF] Rally Militia: Patrol successfully spawned/initialized at Rodobas
2026-01-09 01:49:09.732 -06:00 [INF] Rally Militia: Spawning patrol at Jahasim
2026-01-09 01:49:09.732 -06:00 [INF] Rally Militia: Patrol successfully spawned/initialized at Jahasim
2026-01-09 01:49:25.207 -06:00 [INF] Rally Militia: Spawning patrol at Alsasos
2026-01-09 01:49:25.207 -06:00 [INF] Rally Militia: Patrol successfully spawned/initialized at Alsasos
2026-01-09 01:49:32.933 -06:00 [INF] Rally Militia: Spawning patrol at Claig Ban
2026-01-09 01:49:32.934 -06:00 [INF] Rally Militia: Patrol successfully spawned/initialized at Claig Ban
2026-01-09 01:55:28.477 -06:00 [INF] Rally Militia: Spawning patrol at Furbec
2026-01-09 01:55:28.478 -06:00 [INF] Rally Militia: Patrol successfully spawned/initialized at Furbec
2026-01-09 01:55:33.665 -06:00 [INF] Rally Militia: Spawning patrol at Troverag
2026-01-09 01:55:33.665 -06:00 [INF] Rally Militia: Patrol successfully spawned/initialized at Troverag
2026-01-09 01:55:44.400 -06:00 [INF] Rally Militia: Spawning patrol at Parasemnos
2026-01-09 01:55:44.401 -06:00 [INF] Rally Militia: Patrol successfully spawned/initialized at Parasemnos
2026-01-09 01:55:48.692 -06:00 [INF] Rally Militia: Spawning patrol at Talivel
2026-01-09 01:55:48.693 -06:00 [INF] Rally Militia: Patrol successfully spawned/initialized at Talivel
2026-01-09 01:56:00.546 -06:00 [INF] Rally Militia: Spawning patrol at Pabastan
2026-01-09 01:56:00.546 -06:00 [INF] Rally Militia: Patrol successfully spawned/initialized at Pabastan
2026-01-09 01:56:01.095 -06:00 [INF] Rally Militia: Spawning patrol at Atrion
2026-01-09 01:56:01.096 -06:00 [INF] Rally Militia: Patrol successfully spawned/initialized at Atrion
2026-01-09 01:56:04.429 -06:00 [INF] Rally Militia: Spawning patrol at Parasemnos
2026-01-09 01:56:04.430 -06:00 [INF] Rally Militia: Patrol successfully spawned/initialized at Parasemnos
2026-01-09 01:56:21.170 -06:00 [INF] Rally Militia: Spawning patrol at Agalmon
2026-01-09 01:56:21.170 -06:00 [INF] Rally Militia: Patrol successfully spawned/initialized at Agalmon
2026-01-09 01:56:37.518 -06:00 [INF] Rally Militia: Spawning patrol at Ostrif
2026-01-09 01:56:37.518 -06:00 [INF] Rally Militia: Patrol successfully spawned/initialized at Ostrif
2026-01-09 01:56:54.853 -06:00 [INF] Rally Militia: Spawning patrol at Beglomuar
2026-01-09 01:56:54.854 -06:00 [INF] Rally Militia: Patrol successfully spawned/initialized at Beglomuar
2026-01-09 01:57:05.715 -06:00 [INF] Rally Militia: Spawning patrol at Atrion
2026-01-09 01:57:05.715 -06:00 [INF] Rally Militia: Patrol successfully spawned/initialized at Atrion
2026-01-09 01:57:07.482 -06:00 [INF] Rally Militia: Spawning patrol at Neocorys
2026-01-09 01:57:07.482 -06:00 [INF] Rally Militia: Patrol successfully spawned/initialized at Neocorys
2026-01-09 01:57:13.513 -06:00 [INF] Rally Militia: Spawning patrol at Furbec
2026-01-09 01:57:13.514 -06:00 [INF] Rally Militia: Patrol successfully spawned/initialized at Furbec
2026-01-09 01:57:33.524 -06:00 [INF] Rally Militia: Spawning patrol at Meroc
2026-01-09 01:57:33.524 -06:00 [INF] Rally Militia: Patrol successfully spawned/initialized at Meroc
2026-01-09 02:05:55.674 -06:00 [INF] Rally Militia: Spawning patrol at Calioc
2026-01-09 02:05:55.675 -06:00 [INF] Rally Militia: Patrol successfully spawned/initialized at Calioc
2026-01-09 02:06:00.608 -06:00 [INF] Rally Militia: Spawning patrol at Holarsver
2026-01-09 02:06:00.608 -06:00 [INF] Rally Militia: Patrol successfully spawned/initialized at Holarsver
2026-01-09 02:06:11.541 -06:00 [INF] Rally Militia: Spawning patrol at Canterion
2026-01-09 02:06:11.542 -06:00 [INF] Rally Militia: Patrol successfully spawned/initialized at Canterion
2026-01-09 02:07:07.222 -06:00 [INF] Rally Militia: Spawning patrol at Dnin
2026-01-09 02:07:07.222 -06:00 [INF] Rally Militia: Patrol successfully spawned/initialized at Dnin
2026-01-09 02:07:51.876 -06:00 [INF] Rally Militia: Spawning patrol at Rodetan
2026-01-09 02:07:51.877 -06:00 [INF] Rally Militia: Patrol successfully spawned/initialized at Rodetan
2026-01-09 02:08:09.273 -06:00 [INF] Rally Militia: Spawning patrol at Marabrot
2026-01-09 02:08:09.273 -06:00 [INF] Rally Militia: Patrol successfully spawned/initialized at Marabrot
2026-01-09 02:08:11.875 -06:00 [INF] Rally Militia: Spawning patrol at Echarfurd
2026-01-09 02:08:11.875 -06:00 [INF] Rally Militia: Patrol successfully spawned/initialized at Echarfurd
2026-01-09 02:16:08.618 -06:00 [INF] Rally Militia: Spawning patrol at Troverag
2026-01-09 02:16:08.618 -06:00 [INF] Rally Militia: Patrol successfully spawned/initialized at Troverag
2026-01-09 02:16:18.699 -06:00 [INF] Rally Militia: Spawning patrol at Onica
2026-01-09 02:16:18.699 -06:00 [INF] Rally Militia: Patrol successfully spawned/initialized at Onica
2026-01-09 02:16:22.050 -06:00 [INF] Rally Militia: Spawning patrol at Marabrot
2026-01-09 02:16:22.050 -06:00 [INF] Rally Militia: Patrol successfully spawned/initialized at Marabrot
2026-01-09 02:16:44.638 -06:00 [INF] Rally Militia: Spawning patrol at Calioc
2026-01-09 02:16:44.638 -06:00 [INF] Rally Militia: Patrol successfully spawned/initialized at Calioc
2026-01-09 02:17:05.718 -06:00 [INF] Rally Militia: Spawning patrol at Rodetan
2026-01-09 02:17:05.719 -06:00 [INF] Rally Militia: Patrol successfully spawned/initialized at Rodetan
2026-01-09 02:17:19.906 -06:00 [INF] Rally Militia: Spawning patrol at Onica
2026-01-09 02:17:19.906 -06:00 [INF] Rally Militia: Patrol successfully spawned/initialized at Onica
2026-01-09 02:44:03.263 -06:00 [INF] Rally Militia: Spawning patrol at Neocorys
2026-01-09 02:44:03.264 -06:00 [INF] Rally Militia: Patrol successfully spawned/initialized at Neocorys
2026-01-09 02:44:45.587 -06:00 [INF] Rally Militia: Spawning patrol at Ebereth
2026-01-09 02:44:45.587 -06:00 [INF] Rally Militia: Patrol successfully spawned/initialized at Ebereth
2026-01-09 02:44:48.726 -06:00 [INF] Rally Militia: Spawning patrol at Skarthness
2026-01-09 02:44:48.726 -06:00 [INF] Rally Militia: Patrol successfully spawned/initialized at Skarthness
2026-01-09 02:45:18.436 -06:00 [INF] Rally Militia: Spawning patrol at Onica
2026-01-09 02:45:18.436 -06:00 [INF] Rally Militia: Patrol successfully spawned/initialized at Onica
2026-01-09 02:45:46.720 -06:00 [INF] Rally Militia: Spawning patrol at Ebereth
2026-01-09 02:45:46.721 -06:00 [INF] Rally Militia: Patrol successfully spawned/initialized at Ebereth
2026-01-09 02:45:59.537 -06:00 [INF] Rally Militia: Spawning patrol at Tarcutis
2026-01-09 02:45:59.538 -06:00 [INF] Rally Militia: Patrol successfully spawned/initialized at Tarcutis
2026-01-09 02:46:17.601 -06:00 [INF] Rally Militia: Spawning patrol at Pabastan
2026-01-09 02:46:17.602 -06:00 [INF] Rally Militia: Patrol successfully spawned/initialized at Pabastan
2026-01-09 02:46:30.780 -06:00 [INF] Rally Militia: Spawning patrol at Ostrif
2026-01-09 02:46:30.780 -06:00 [INF] Rally Militia: Patrol successfully spawned/initialized at Ostrif
2026-01-09 02:49:46.316 -06:00 [INF] Rally Militia: Spawning patrol at Neocorys
2026-01-09 02:49:46.316 -06:00 [INF] Rally Militia: Patrol successfully spawned/initialized at Neocorys
2026-01-09 02:50:08.362 -06:00 [INF] Rally Militia: Spawning patrol at Sestadaim
2026-01-09 02:50:08.362 -06:00 [INF] Rally Militia: Patrol successfully spawned/initialized at Sestadaim
2026-01-09 02:50:15.470 -06:00 [INF] Rally Militia: Spawning patrol at Beglomuar
2026-01-09 02:50:15.471 -06:00 [INF] Rally Militia: Patrol successfully spawned/initialized at Beglomuar
2026-01-09 02:51:13.587 -06:00 [INF] Rally Militia: Spawning patrol at Ebereth
2026-01-09 02:51:13.587 -06:00 [INF] Rally Militia: Patrol successfully spawned/initialized at Ebereth
2026-01-09 02:52:11.407 -06:00 [INF] Rally Militia: Spawning patrol at Aegosca
2026-01-09 02:52:11.408 -06:00 [INF] Rally Militia: Patrol successfully spawned/initialized at Aegosca
2026-01-09 02:53:17.587 -06:00 [INF] Rally Militia: Spawning patrol at Vagnafit
2026-01-09 02:53:17.588 -06:00 [INF] Rally Militia: Patrol successfully spawned/initialized at Vagnafit
2026-01-09 02:55:41.430 -06:00 [INF] Rally Militia: Spawning patrol at Troverag
2026-01-09 02:55:41.430 -06:00 [INF] Rally Militia: Patrol successfully spawned/initialized at Troverag
2026-01-09 02:56:38.368 -06:00 [INF] Rally Militia: Spawning patrol at Rhemtoil
2026-01-09 02:56:38.368 -06:00 [INF] Rally Militia: Patrol successfully spawned/initialized at Rhemtoil
2026-01-09 02:57:38.610 -06:00 [INF] Rally Militia: Spawning patrol at Claig Ban
2026-01-09 02:57:38.611 -06:00 [INF] Rally Militia: Patrol successfully spawned/initialized at Claig Ban
2026-01-09 02:58:08.858 -06:00 [INF] Rally Militia: Spawning patrol at Pabastan
2026-01-09 02:58:08.858 -06:00 [INF] Rally Militia: Patrol successfully spawned/initialized at Pabastan
2026-01-09 02:58:28.869 -06:00 [INF] Rally Militia: Spawning patrol at Okhutan
2026-01-09 02:58:28.869 -06:00 [INF] Rally Militia: Patrol successfully spawned/initialized at Okhutan
2026-01-09 02:58:38.726 -06:00 [INF] Rally Militia: Spawning patrol at Ebereth
2026-01-09 02:58:38.727 -06:00 [INF] Rally Militia: Patrol successfully spawned/initialized at Ebereth
2026-01-09 02:59:21.875 -06:00 [INF] Rally Militia: Spawning patrol at Vagnafit
2026-01-09 02:59:21.875 -06:00 [INF] Rally Militia: Patrol successfully spawned/initialized at Vagnafit
2026-01-09 03:00:41.876 -06:00 [INF] Rally Militia: Spawning patrol at Jalskveg
2026-01-09 03:00:41.878 -06:00 [INF] Rally Militia: Patrol successfully spawned/initialized at Jalskveg
2026-01-09 03:01:21.924 -06:00 [INF] Rally Militia: Spawning patrol at Skarthness
2026-01-09 03:01:21.924 -06:00 [INF] Rally Militia: Patrol successfully spawned/initialized at Skarthness
2026-01-09 03:02:14.617 -06:00 [INF] Rally Militia: Spawning patrol at Dnin
2026-01-09 03:02:14.617 -06:00 [INF] Rally Militia: Patrol successfully spawned/initialized at Dnin
2026-01-09 03:02:18.955 -06:00 [INF] Rally Militia: Spawning patrol at Rhemtoil
2026-01-09 03:02:18.955 -06:00 [INF] Rally Militia: Patrol successfully spawned/initialized at Rhemtoil
2026-01-09 03:02:59.005 -06:00 [INF] Rally Militia: Spawning patrol at Ath Cafal
2026-01-09 03:02:59.005 -06:00 [INF] Rally Militia: Patrol successfully spawned/initialized at Ath Cafal
2026-01-09 03:03:02.075 -06:00 [INF] Rally Militia: Spawning patrol at Skarthness
2026-01-09 03:03:02.075 -06:00 [INF] Rally Militia: Patrol successfully spawned/initialized at Skarthness
2026-01-09 03:04:29.380 -06:00 [INF] Rally Militia: Spawning patrol at Okhutan
2026-01-09 03:04:29.380 -06:00 [INF] Rally Militia: Patrol successfully spawned/initialized at Okhutan
2026-01-09 03:04:37.317 -06:00 [INF] Rally Militia: Spawning patrol at Nogrent
2026-01-09 03:04:37.317 -06:00 [INF] Rally Militia: Patrol successfully spawned/initialized at Nogrent
2026-01-09 03:04:59.139 -06:00 [INF] Rally Militia: Spawning patrol at Beglomuar
2026-01-09 03:04:59.140 -06:00 [INF] Rally Militia: Patrol successfully spawned/initialized at Beglomuar
2026-01-09 03:05:42.215 -06:00 [INF] Rally Militia: Spawning patrol at Troverag
2026-01-09 03:05:42.216 -06:00 [INF] Rally Militia: Patrol successfully spawned/initialized at Troverag
2026-01-09 03:06:49.703 -06:00 [INF] Rally Militia: Spawning patrol at Okhutan
2026-01-09 03:06:49.703 -06:00 [INF] Rally Militia: Patrol successfully spawned/initialized at Okhutan
2026-01-09 03:07:56.356 -06:00 [INF] Rally Militia: Spawning patrol at Tubilis
2026-01-09 03:07:56.356 -06:00 [INF] Rally Militia: Patrol successfully spawned/initialized at Tubilis
2026-01-09 03:09:29.773 -06:00 [INF] Rally Militia: Spawning patrol at Ispantar
2026-01-09 03:09:29.773 -06:00 [INF] Rally Militia: Patrol successfully spawned/initialized at Ispantar
2026-01-09 03:09:49.816 -06:00 [INF] Rally Militia: Spawning patrol at Okhutan
2026-01-09 03:09:49.816 -06:00 [INF] Rally Militia: Patrol successfully spawned/initialized at Okhutan
2026-01-09 03:10:50.034 -06:00 [INF] Rally Militia: Spawning patrol at Ispantar
2026-01-09 03:10:50.034 -06:00 [INF] Rally Militia: Patrol successfully spawned/initialized at Ispantar
2026-01-09 03:11:33.818 -06:00 [INF] Rally Militia: Spawning patrol at Amycon
2026-01-09 03:11:33.819 -06:00 [INF] Rally Militia: Patrol successfully spawned/initialized at Amycon
2026-01-09 03:11:50.137 -06:00 [INF] Rally Militia: Spawning patrol at Ispantar
2026-01-09 03:11:50.138 -06:00 [INF] Rally Militia: Patrol successfully spawned/initialized at Ispantar
2026-01-09 03:12:50.302 -06:00 [INF] Rally Militia: Spawning patrol at Ispantar
2026-01-09 03:12:50.302 -06:00 [INF] Rally Militia: Patrol successfully spawned/initialized at Ispantar
2026-01-09 03:13:10.866 -06:00 [INF] Rally Militia: Spawning patrol at Hetania
2026-01-09 03:13:10.867 -06:00 [INF] Rally Militia: Patrol successfully spawned/initialized at Hetania
2026-01-09 03:16:12.444 -06:00 [INF] Rally Militia: Spawning patrol at Ispantar
2026-01-09 03:16:12.444 -06:00 [INF] Rally Militia: Patrol successfully spawned/initialized at Ispantar
2026-01-09 03:24:37.906 -06:00 [INF] Rally Militia: Spawning patrol at Troverag
2026-01-09 03:24:37.906 -06:00 [INF] Rally Militia: Patrol successfully spawned/initialized at Troverag
2026-01-09 03:38:54.291 -06:00 [INF] Rally Militia: Spawning patrol at Okhutan
2026-01-09 03:38:54.291 -06:00 [INF] Rally Militia: Patrol successfully spawned/initialized at Okhutan
2026-01-09 03:40:32.061 -06:00 [INF] Rally Militia: Spawning patrol at Dnin
2026-01-09 03:40:32.061 -06:00 [INF] Rally Militia: Patrol successfully spawned/initialized at Dnin
2026-01-09 03:45:25.129 -06:00 [INF] Rally Militia: Spawning patrol at Zeocorys
2026-01-09 03:45:25.129 -06:00 [INF] Rally Militia: Patrol successfully spawned/initialized at Zeocorys
2026-01-09 03:46:58.997 -06:00 [INF] Rally Militia: Spawning patrol at Dalmengus
2026-01-09 03:46:58.998 -06:00 [INF] Rally Militia: Patrol successfully spawned/initialized at Dalmengus
