[23:20:48 INF] LudusMagnus SubModule Loading...
[23:20:48 INF] LudusMagnus Manager Initialized.
[00:56:12 INF] LudusMagnus SubModule Loading...
[00:56:12 INF] LudusMagnus Manager Initialized.
[00:59:26 INF] LudusMagnus SubModule Loading...
[00:59:26 INF] LudusMagnus Manager Initialized.
[01:05:32 INF] LudusMagnus SubModule Loading...
[01:05:32 INF] LudusMagnus Manager Initialized.
[01:09:07 INF] LudusMagnus SubModule Loading...
[01:09:07 INF] LudusMagnus Manager Initialized.
[01:09:11 INF] Starting OnBeforeInitialModuleScreenSetAsRoot...
[01:09:11 INF] Harmony Instance Created.
[01:09:11 INF] Harmony Patches Applied.
[01:09:11 INF] UIExtender Created.
[01:09:11 INF] UIExtender Registered Assembly.
[01:09:11 INF] UIExtender Enabled.
[01:12:28 INF] LudusMagnus SubModule Loading...
[01:12:28 INF] LudusMagnus Manager Initialized.
[01:12:33 INF] Starting OnBeforeInitialModuleScreenSetAsRoot...
[01:12:33 INF] Harmony Instance Created.
[01:12:33 INF] Harmony Patches Applied.
[01:12:33 INF] UIExtender Created.
[01:12:33 INF] UIExtender Registered Assembly.
[01:12:33 INF] UIExtender Enabled.
